******************************************************************************
             TMS320C2000 Linker PC v15.12.3                    
******************************************************************************
>> Linked Thu Dec 01 16:31:32 2016

OUTPUT FILE NAME:   <proj_lab02b.out>
ENTRY POINT SYMBOL: "code_start"  address: 003f7ff6


MEMORY CONFIGURATION

         name            origin    length      used     unused   attr    fill
----------------------  --------  ---------  --------  --------  ----  --------
PAGE 0:
  P_RAML0               00008000   00000980  00000626  0000035a  RWIX
  OTP                   003d7800   00000400  00000000  00000400  RWIX
  FLASHB_D              003f0000   00006000  00003a79  00002587  RWIX
  D_FLASHA              003f6000   00001f80  0000008a  00001ef6  RWIX
  CSM_RSVD              003f7f80   00000076  00000000  00000076  RWIX
  BEGIN                 003f7ff6   00000002  00000002  00000000  RWIX
  CSM_PWL_P0            003f7ff8   00000008  00000000  00000008  RWIX
  IQTABLES              003fe000   00000b50  00000000  00000b50  RWIX
  IQTABLES2             003feb50   0000008c  00000000  0000008c  RWIX
  IQTABLES3             003febdc   000000aa  00000000  000000aa  RWIX
  ROM                   003ff27c   00000d44  00000000  00000d44  RWIX
  RESET                 003fffc0   00000002  00000000  00000002  RWIX
  VECTORS               003fffc2   0000003e  00000000  0000003e  RWIX

PAGE 1:
  RAMM0_M1              00000000   00000600  00000559  000000a7  RWIX
  D_RAML0               00008980   00000680  00000000  00000680  RWIX


SECTION ALLOCATION MAP

 output                                  attributes/
section   page    origin      length       input sections
--------  ----  ----------  ----------   ----------------
ramfuncs   0    003f0000    00000626     RUN ADDR = 00008000
                  003f0000    00000513     ctrl.obj (ramfuncs)
                  003f0513    000000bf     proj_lab02b.obj (ramfuncs:retain)
                  003f05d2    00000032     flash.obj (ramfuncs)
                  003f0604    0000001e     hal.obj (ramfuncs)
                  003f0622    00000004     usDelay.obj (ramfuncs)

.text      0    003f0626    00003393     
                  003f0626    00000e94     fast_public.lib : ctrl_priv.obj (.text)
                  003f14ba    00000961     hal.obj (.text)
                  003f1e1b    00000463     ctrl.obj (.text)
                  003f227e    00000430     user.obj (.text)
                  003f26ae    00000347     proj_lab02b.obj (.text)
                  003f29f5    000002f6     pwm.obj (.text)
                  003f2ceb    000002ce     drv8301.obj (.text)
                  003f2fb9    000001f5     adc.obj (.text)
                  003f31ae    00000155     gpio.obj (.text)
                  003f3303    0000012b     clk.obj (.text)
                  003f342e    000000ff     pie.obj (.text)
                  003f352d    000000a9     spi.obj (.text)
                  003f35d6    0000006b     rts2800_ml.lib : s_ceilf.obj (.text)
                  003f3641    0000005b     pll.obj (.text)
                  003f369c    00000054     rts2800_ml.lib : boot.obj (.text)
                  003f36f0    00000047     offset.obj (.text)
                  003f3737    00000046     rts2800_ml.lib : cpy_tbl.obj (.text)
                  003f377d    00000046     wdog.obj (.text)
                  003f37c3    00000044     pwr.obj (.text)
                  003f3807    00000032     timer.obj (.text)
                  003f3839    0000002d     osc.obj (.text)
                  003f3866    0000002a     rts2800_ml.lib : l_div.obj (.text)
                  003f3890    00000029                    : exit.obj (.text)
                  003f38b9    00000025     cpu.obj (.text)
                  003f38de    00000021     filter_fo.obj (.text)
                  003f38ff    00000021     rts2800_ml.lib : fs_toul.obj (.text)
                  003f3920    00000020     flash.obj (.text)
                  003f3940    0000001d     rts2800_ml.lib : fs_tou.obj (.text)
                  003f395d    0000001a                    : cpy_utils.obj (.text)
                  003f3977    00000019                    : args_main.obj (.text)
                  003f3990    00000010     memCopy.obj (.text)
                  003f39a0    00000009     rts2800_ml.lib : _lock.obj (.text)
                  003f39a9    00000008     CodeStartBranch.obj (.text)
                  003f39b1    00000005     pie.obj (.text:retain)
                  003f39b6    00000002     rts2800_ml.lib : pre_init.obj (.text)
                  003f39b8    00000001                    : startup.obj (.text)

.cinit     0    003f39b9    000000c0     
                  003f39b9    000000a2     proj_lab02b.obj (.cinit)
                  003f3a5b    0000000e     rts2800_ml.lib : exit.obj (.cinit)
                  003f3a69    00000005                    : _lock.obj (.cinit:__lock)
                  003f3a6e    00000005                    : _lock.obj (.cinit:__unlock)
                  003f3a73    00000004     drv8301.obj (.cinit)
                  003f3a77    00000002     --HOLE-- [fill = 0]

.pinit     0    003f0000    00000000     UNINITIALIZED

.econst    0    003f6000    0000008a     
                  003f6000    0000005c     fast_public.lib : ctrl_priv.obj (.econst)
                  003f605c    00000008     user.obj (.econst)
                  003f6064    00000004     ctrl.obj (.econst:_$P$T0$1)
                  003f6068    00000004     ctrl.obj (.econst:_$P$T1$2)
                  003f606c    00000004     ctrl.obj (.econst:_$P$T2$3)
                  003f6070    00000004     ctrl.obj (.econst:_$P$T3$4)
                  003f6074    00000004     ctrl.obj (.econst:_$P$T4$5)
                  003f6078    00000004     ctrl.obj (.econst:_$P$T5$6)
                  003f607c    00000004     ctrl.obj (.econst)
                  003f6080    00000004     hal.obj (.econst)
                  003f6084    00000004     proj_lab02b.obj (.econst)
                  003f6088    00000002     rts2800_ml.lib : s_ceilf.obj (.econst)

codestart 
*          0    003f7ff6    00000002     
                  003f7ff6    00000002     CodeStartBranch.obj (codestart)

.ebss      1    00000000    00000295     UNINITIALIZED
                  00000000    00000288     proj_lab02b.obj (.ebss)
                  00000288    00000006     rts2800_ml.lib : exit.obj (.ebss)
                  0000028e    00000002                    : _lock.obj (.ebss:__lock)
                  00000290    00000002                    : _lock.obj (.ebss:__unlock)
                  00000292    00000002     drv8301.obj (.ebss)
                  00000294    00000001     cpu.obj (.ebss)

.stack     1    00000296    00000200     UNINITIALIZED
                  00000296    00000200     --HOLE--

rom_accessed_data 
*          1    000004c0    000000c4     UNINITIALIZED
                  000004c0    000000c4     hal.obj (rom_accessed_data)

.reset     0    003fffc0    00000002     DSECT
                  003fffc0    00000002     rts2800_ml.lib : boot.obj (.reset)

vectors    0    003fffc2    00000000     DSECT

MODULE SUMMARY

       Module                code    ro data   rw data
       ------                ----    -------   -------
    .\
       ctrl.obj              3721    0         28     
       hal.obj               2461    0         200    
       proj_lab02b.obj       1221    0         814    
       user.obj              1072    0         8      
       pwm.obj               758     0         0      
       drv8301.obj           718     0         6      
       adc.obj               501     0         0      
       gpio.obj              341     0         0      
       clk.obj               299     0         0      
       pie.obj               260     0         0      
       spi.obj               169     0         0      
       flash.obj             132     0         0      
       pll.obj               91      0         0      
       offset.obj            71      0         0      
       wdog.obj              70      0         0      
       pwr.obj               68      0         0      
       timer.obj             50      0         0      
       osc.obj               45      0         0      
       cpu.obj               37      0         1      
       filter_fo.obj         33      0         0      
       memCopy.obj           16      0         0      
       CodeStartBranch.obj   10      0         0      
       usDelay.obj           8       0         0      
    +--+---------------------+-------+---------+---------+
       Total:                12152   0         1057   
                                                      
    C:/ti/ccsv6/tools/compiler/c2000_15.12.3.LTS/lib/rts2800_ml.lib
       s_ceilf.obj           107     0         2      
       boot.obj              84      0         0      
       cpy_tbl.obj           70      0         0      
       exit.obj              41      0         20     
       l_div.obj             42      0         0      
       fs_toul.obj           33      0         0      
       fs_tou.obj            29      0         0      
       cpy_utils.obj         26      0         0      
       args_main.obj         25      0         0      
       _lock.obj             9       0         14     
       pre_init.obj          2       0         0      
       startup.obj           1       0         0      
    +--+---------------------+-------+---------+---------+
       Total:                469     0         36     
                                                      
    C:/ti/motorware/motorware_1_01_00_17/sw/modules/fast/lib/32b/f28x/f2802x/fast_public.lib
       ctrl_priv.obj         3732    0         92     
    +--+---------------------+-------+---------+---------+
       Total:                3732    0         92     
                                                      
       Stack:                0       0         512    
    +--+---------------------+-------+---------+---------+
       Grand Total:          16353   0         1697   


GLOBAL DATA SYMBOLS: SORTED BY DATA PAGE

address     data page           name
--------    ----------------    ----
00000000       0 (00000000)     _Flag_Latch_softwareUpdate
00000001       0 (00000000)     _gCounter_updateGlobals
00000002       0 (00000000)     _global_speed
00000003       0 (00000000)     _int_counter
00000004       0 (00000000)     _gLEDcnt
00000006       0 (00000000)     _ctrlHandle
00000008       0 (00000000)     _gMaxCurrentSlope
0000000a       0 (00000000)     _halHandle
0000000c       0 (00000000)     _global_krpm
0000000e       0 (00000000)     _gPwmData
00000014       0 (00000000)     _gAdcData
00000022       0 (00000000)     _gDrvSpi8301Vars

00000040       1 (00000040)     _gMotorVars

000000c0       3 (000000c0)     _gUserParams

00000180       6 (00000180)     _ctrl

00000288       a (00000280)     ___TI_enable_exit_profile_output
0000028a       a (00000280)     ___TI_cleanup_ptr
0000028c       a (00000280)     ___TI_dtors_ptr
0000028e       a (00000280)     __lock
00000290       a (00000280)     __unlock
00000294       a (00000280)     _cpu
00000296       a (00000280)     __stack

000004c0      13 (000004c0)     _hal


GLOBAL SYMBOLS: SORTED ALPHABETICALLY BY Name 

page  address   name                                             
----  -------   ----                                             
0     003f0626  .text                                            
0     003f3890  C$$EXIT                                          
abs   003fdc5e  FD$$MPY                                          
abs   003fdf7b  FD$$TOL                                          
abs   003fdeb8  FS$$ADD                                          
abs   003fdf2b  FS$$CMP                                          
abs   003fdce1  FS$$DIV                                          
abs   003fdde7  FS$$MPY                                          
abs   003fff4d  FS$$NEG                                          
abs   003fdfb7  FS$$TOFD                                         
abs   003fff0e  FS$$TOI                                          
0     003f3940  FS$$TOU                                          
0     003f38ff  FS$$TOUL                                         
abs   003fff33  I$$TOFS                                          
0     003f3866  L$$DIV                                           
0     003f3875  L$$MOD                                           
abs   003ff8bd  U$$TOFS                                          
0     003f3883  UL$$DIV                                          
0     003f388a  UL$$MOD                                          
abs   003ff8aa  UL$$TOFS                                         
0     003f31a4  _ADC_disable                                     
0     003f319a  _ADC_disableBandGap                              
0     003f3183  _ADC_disableInt                                  
0     003f3179  _ADC_disableNoOverlapMode                        
0     003f316f  _ADC_disableRefBuffers                           
0     003f3165  _ADC_disableVoltRefLoConv                        
0     003f315b  _ADC_enable                                      
0     003f3151  _ADC_enableBandGap                               
0     003f313b  _ADC_enableInt                                   
0     003f3131  _ADC_enableNoOverlapMode                         
0     003f3127  _ADC_enableRefBuffers                            
0     003f311d  _ADC_enableVoltRefLoConv                         
0     003f3116  _ADC_getDivideSelect                             
0     003f310e  _ADC_init                                        
0     003f3104  _ADC_powerDown                                   
0     003f30fa  _ADC_powerUp                                     
0     003f30f0  _ADC_reset                                       
0     003f30df  _ADC_setDivideSelect                             
0     003f30be  _ADC_setIntMode                                  
0     003f30ad  _ADC_setIntPulseGenMode                          
0     003f308c  _ADC_setIntSrc                                   
0     003f3082  _ADC_setOffTrim                                  
0     003f306b  _ADC_setSampleMode                               
0     003f3058  _ADC_setSampleOverlapMode                        
0     003f3044  _ADC_setSocChanNumber                            
0     003f3037  _ADC_setSocFrc                                   
0     003f302d  _ADC_setSocFrcWord                               
0     003f3019  _ADC_setSocSampleDelay                           
0     003f3005  _ADC_setSocTrigSrc                               
0     003f2ff4  _ADC_setTempSensorSrc                            
0     003f2fe3  _ADC_setVoltRefSrc                               
0     003f2fb9  _ADC_setupSocTrigSrc                             
0     003f3427  _CLK_disableAdcClock                             
0     003f3421  _CLK_disableClkIn                                
0     003f341d  _CLK_disableCompClock                            
0     003f3416  _CLK_disableCpuTimerClock                        
0     003f3410  _CLK_disableCrystalOsc                           
0     003f3409  _CLK_disableEcap1Clock                           
0     003f3402  _CLK_disableGpioInputClock                       
0     003f33fb  _CLK_disableHrPwmClock                           
0     003f33f4  _CLK_disableI2cClock                             
0     003f33ee  _CLK_disableOsc1                                 
0     003f33e8  _CLK_disableOsc1HaltMode                         
0     003f33e2  _CLK_disableOsc2                                 
0     003f33dc  _CLK_disableOsc2HaltMode                         
0     003f33d2  _CLK_disablePwmClock                             
0     003f33cb  _CLK_disableSciaClock                            
0     003f33c4  _CLK_disableSpiaClock                            
0     003f33bd  _CLK_disableTbClockSync                          
0     003f33b7  _CLK_disableWatchDogHaltMode                     
0     003f33b0  _CLK_enableAdcClock                              
0     003f33aa  _CLK_enableClkIn                                 
0     003f33a4  _CLK_enableCompClock                             
0     003f339e  _CLK_enableCpuTimerClock                         
0     003f3398  _CLK_enableCrystalOsc                            
0     003f3391  _CLK_enableEcap1Clock                            
0     003f338a  _CLK_enableGpioInputClock                        
0     003f3383  _CLK_enableHrPwmClock                            
0     003f337c  _CLK_enableI2cClock                              
0     003f3376  _CLK_enableOsc1                                  
0     003f3370  _CLK_enableOsc1HaltMode                          
0     003f336a  _CLK_enableOsc2                                  
0     003f3364  _CLK_enableOsc2HaltMode                          
0     003f335b  _CLK_enablePwmClock                              
0     003f3354  _CLK_enableSciaClock                             
0     003f334d  _CLK_enableSpiaClock                             
0     003f3346  _CLK_enableTbClockSync                           
0     003f3340  _CLK_enableWatchDogHaltMode                      
0     003f333a  _CLK_init                                        
0     003f3333  _CLK_setClkOutPreScaler                          
0     003f332d  _CLK_setLowSpdPreScaler                          
0     003f3326  _CLK_setOsc2Src                                  
0     003f331f  _CLK_setOscSrc                                   
0     003f3318  _CLK_setTimer2PreScale                           
0     003f3311  _CLK_setTimer2Src                                
0     003f330a  _CLK_setWatchDogSrc                              
0     003f3303  _CLK_setXClkInSrc                                
0     003f38db  _CPU_clearIntFlags                               
0     003f38d8  _CPU_disableDebugInt                             
0     003f38d5  _CPU_disableGlobalInts                           
0     003f38d0  _CPU_disableInt                                  
0     003f38cd  _CPU_disableInts                                 
0     003f38ca  _CPU_disableProtectedRegisterWrite               
0     003f38c7  _CPU_enableDebugInt                              
0     003f38c4  _CPU_enableGlobalInts                            
0     003f38c0  _CPU_enableInt                                   
0     003f38bd  _CPU_enableProtectedRegisterWrite                
0     003f38b9  _CPU_init                                        
0     003f2242  _CTRL_getGains                                   
0     003f223b  _CTRL_getIab_filt_pu                             
0     003f2234  _CTRL_getIab_in_pu                               
0     003f222d  _CTRL_getIdq_in_pu                               
0     003f2226  _CTRL_getIdq_ref_pu                              
0     003f227b  _CTRL_getMagCurrent_pu                           
0     003f2278  _CTRL_getMaximumSpeed_pu                         
0     003f221f  _CTRL_getVab_in_pu                               
0     003f2218  _CTRL_getVab_out_pu                              
0     003f2211  _CTRL_getVdq_out_pu                              
0     003f14b0  _CTRL_getVersion                                 
0     003f2208  _CTRL_getWaitTimes                               
abs   003fd88b  _CTRL_initCtrl                                   
0     0000800a  _CTRL_run                                        
0     003f13e4  _CTRL_runTraj                                    
0     003f0c7e  _CTRL_setEstParams                               
0     003f1f82  _CTRL_setGains                                   
0     003f2272  _CTRL_setMagCurrent_pu                           
0     003f2275  _CTRL_setMaximumSpeed_pu                         
0     003f1faa  _CTRL_setParams                                  
0     003f1f6f  _CTRL_setSpd_ref_krpm                            
0     003f1f6c  _CTRL_setSpd_ref_pu                              
0     003f0b4b  _CTRL_setUserMotorParams                         
0     003f1f63  _CTRL_setWaitTimes                               
0     00008000  _CTRL_setup                                      
0     003f1f47  _CTRL_setupClarke_I                              
0     003f1f31  _CTRL_setupClarke_V                              
0     003f0963  _CTRL_setupCtrl                                  
0     003f07c5  _CTRL_setupEstIdleState                          
0     003f078a  _CTRL_setupEstOnLineState                        
0     003f0626  _CTRL_setupTraj                                  
0     003f1ece  _CTRL_setup_user                                 
0     003f1e1b  _CTRL_updateState                                
0     003f2f97  _DRV8301_enable                                  
0     003f2f85  _DRV8301_getDcCalMode                            
0     003f2f6a  _DRV8301_getFaultType                            
0     003f2f64  _DRV8301_getId                                   
0     003f2f5d  _DRV8301_getOcLevel                              
0     003f2f56  _DRV8301_getOcMode                               
0     003f2f4f  _DRV8301_getOcOffTimeMode                        
0     003f2f48  _DRV8301_getOcTwMode                             
0     003f2f41  _DRV8301_getPeakCurrent                          
0     003f2f3a  _DRV8301_getPwmMode                              
0     003f2f33  _DRV8301_getShuntAmpGain                         
0     003f2f2a  _DRV8301_init                                    
0     003f2f24  _DRV8301_isFault                                 
0     003f2f1d  _DRV8301_isReset                                 
0     003f2ea7  _DRV8301_readData                                
0     003f2d2b  _DRV8301_readSpi                                 
0     003f2e98  _DRV8301_reset                                   
0     003f2e79  _DRV8301_setDcCalMode                            
0     003f2e77  _DRV8301_setGpioHandle                           
0     003f2e75  _DRV8301_setGpioNumber                           
0     003f2e61  _DRV8301_setOcLevel                              
0     003f2e4d  _DRV8301_setOcMode                               
0     003f2e39  _DRV8301_setOcOffTimeMode                        
0     003f2e25  _DRV8301_setOcTwMode                             
0     003f2e11  _DRV8301_setPeakCurrent                          
0     003f2dfd  _DRV8301_setPwmMode                              
0     003f2dec  _DRV8301_setShuntAmpGain                         
0     003f2dea  _DRV8301_setSpiHandle                            
0     003f2d63  _DRV8301_setupSpi                                
0     003f2d02  _DRV8301_writeData                               
0     003f2ceb  _DRV8301_writeSpi                                
abs   003fd9e5  _EST_Angle_setParams                             
abs   003fd922  _EST_Dir_setParams                               
abs   003fd1e8  _EST_EPL_setParams                               
abs   003fd9b0  _EST_Flux_ab_setParams                           
abs   003fd514  _EST_Flux_computeOneOverFlux_qFmt                
abs   003fda3b  _EST_Flux_dq_setParams                           
abs   003fd49c  _EST_Flux_getRatedFlux_pu                        
abs   003fd42e  _EST_Flux_setParams                              
abs   003fd41e  _EST_Flux_setWaitTimes                           
abs   003fd95c  _EST_Freq_setParams                              
abs   003fd1be  _EST_I_setParams                                 
abs   003fd9cc  _EST_Iab_setParams                               
abs   003fda1e  _EST_Idq_setParams                               
abs   003fd3a8  _EST_Ls_getLs_d                                  
abs   003fd2b6  _EST_Ls_setLs_d                                  
abs   003fd284  _EST_Ls_setLs_q                                  
abs   003fd247  _EST_Ls_setParams                                
abs   003fd237  _EST_Ls_setWaitTimes                             
abs   003fda0d  _EST_OneOverDcBus_setParams                      
abs   003fd7e9  _EST_Rr_setParams                                
abs   003fd788  _EST_Rr_setRr                                    
abs   003fd57d  _EST_RsOnLine_setFilterParams                    
abs   003fd54d  _EST_RsOnLine_setParams                          
abs   003fd767  _EST_Rs_getRs                                    
abs   003fd725  _EST_Rs_setParams                                
abs   003fd6c3  _EST_Rs_setRs                                    
abs   003fd6b3  _EST_Rs_setWaitTimes                             
abs   003fd1af  _EST_TRAJ_setParams                              
abs   003fda53  _EST_Vab_setParams                               
abs   003fda47  _EST_Vback_ab_setParams                          
abs   003fda5e  _EST_Vback_dq_setParams                          
abs   003fd9fb  _EST_Vdq_setParams                               
abs   003fc092  _EST_computeDirection_qFmt                       
abs   003fd16d  _EST_computeL                                    
abs   003fd14d  _EST_computeR                                    
abs   003fd145  _EST_doCurrentCtrl                               
abs   003fd13d  _EST_doSpeedCtrl                                 
abs   003fc5f2  _EST_getAngle_pu                                 
abs   003fd0a3  _EST_getFlux_VpHz                                
abs   003fd090  _EST_getFlux_pu                                  
abs   003fd073  _EST_getFm_pu                                    
abs   003fc062  _EST_getFullScaleCurrent                         
abs   003fd043  _EST_getFullScaleFlux                            
abs   003fcc5c  _EST_getFullScaleFreq                            
abs   003fc4d1  _EST_getFullScaleInductance                      
abs   003fc08e  _EST_getFullScaleVoltage                         
abs   003fd017  _EST_getIdRated                                  
abs   003fcfe4  _EST_getLs_coarse_max_pu                         
abs   003fcfda  _EST_getLs_d_H                                   
abs   003fcfd5  _EST_getLs_d_pu                                  
abs   003fcfb3  _EST_getLs_q_H                                   
abs   003fcfae  _EST_getLs_q_pu                                  
abs   003fcfa2  _EST_getMaxCurrentSlope_pu                       
abs   003fcf98  _EST_getOneOverDcBus_pu                          
abs   003fcf92  _EST_getRr_Ohm                                   
abs   003fcef8  _EST_getRs_Ohm                                   
abs   003fceab  _EST_getSpeed_krpm                               
abs   003fc000  _EST_getState                                    
abs   003fce3d  _EST_get_krpm_to_pu_sf                           
abs   003fce38  _EST_get_pu_to_krpm_sf                           
abs   003fcd72  _EST_isError                                     
abs   003fcd6b  _EST_isIdle                                      
abs   003fcd64  _EST_isLockRotor                                 
abs   003fc05e  _EST_isMotorIdentified                           
abs   003fcd5d  _EST_isOnLine                                    
abs   003fc5ed  _EST_resetCounter_ctrl                           
abs   003fc05a  _EST_resetCounter_state                          
abs   003fcc60  _EST_run                                         
abs   003fc5da  _EST_setDir_qFmt                                 
abs   003fc5cd  _EST_setFe_neg_max_pu                            
abs   003fc5c9  _EST_setFe_pos_min_pu                            
abs   003fc5c5  _EST_setFlag_enableFluxControl                   
abs   003fc5c0  _EST_setFlag_enableForceAngle                    
abs   003fc5bc  _EST_setFlag_enableRsOnLine                      
abs   003fc5b8  _EST_setFlag_enableRsRecalc                      
abs   003fc5b4  _EST_setFlag_estComplete                         
abs   003fc5b0  _EST_setFlag_updateRs                            
abs   003fc594  _EST_setFullScaleCurrent                         
abs   003fc58b  _EST_setFullScaleFreq                            
abs   003fc573  _EST_setFullScaleResistance                      
abs   003fc56f  _EST_setFullScaleVoltage                         
abs   003fc569  _EST_setIdRated_pu                               
abs   003fc565  _EST_setId_ref_pu                                
abs   003fc55f  _EST_setIdle                                     
abs   003fc54c  _EST_setIdle_all                                 
abs   003fc548  _EST_setIq_ref_pu                                
abs   003fc52a  _EST_setLs_d_pu                                  
abs   003fc4d6  _EST_setLs_qFmt                                  
abs   003fc4cc  _EST_setLs_q_pu                                  
abs   003fc4c0  _EST_setMaxCurrentSlope_pu                       
abs   003fc4bb  _EST_setMotorParams                              
abs   003fc3fd  _EST_setRs_pu                                    
abs   003fc3e2  _EST_setWaitTimes                                
abs   003fc3da  _EST_updateId_ref_pu                             
abs   003fc0f8  _EST_updateState                                 
abs   003fc002  _EST_useZeroIq_ref                               
0     003f38fc  _FILTER_FO_getDenCoeffs                          
0     003f38f5  _FILTER_FO_getInitialConditions                  
0     003f38ef  _FILTER_FO_getNumCoeffs                          
0     003f38e9  _FILTER_FO_init                                  
0     003f38e7  _FILTER_FO_setDenCoeffs                          
0     003f38e2  _FILTER_FO_setInitialConditions                  
0     003f38de  _FILTER_FO_setNumCoeffs                          
0     003f393a  _FLASH_clear3VStatus                             
0     000085fe  _FLASH_disablePipelineMode                       
0     000085f8  _FLASH_enablePipelineMode                        
0     003f3937  _FLASH_get3VStatus                               
0     003f3934  _FLASH_getActiveWaitCount                        
0     003f3930  _FLASH_getActiveWaitStatus                       
0     003f392d  _FLASH_getPowerMode                              
0     003f392a  _FLASH_getStandbyWaitCount                       
0     003f3926  _FLASH_getStandbyWaitStatus                      
0     003f3920  _FLASH_init                                      
0     000085f3  _FLASH_setActiveWaitCount                        
0     000085ec  _FLASH_setNumPagedReadWaitStates                 
0     000085e5  _FLASH_setNumRandomReadWaitStates                
0     000085de  _FLASH_setOtpWaitStates                          
0     000085d7  _FLASH_setPowerMode                              
0     000085d2  _FLASH_setStandbyWaitCount                       
1     00000000  _Flag_Latch_softwareUpdate                       
0     003f32f5  _GPIO_getData                                    
0     003f32ea  _GPIO_getPortData                                
0     003f32e4  _GPIO_init                                       
0     003f32da  _GPIO_lpmSelect                                  
0     003f32bb  _GPIO_read                                       
0     003f32a1  _GPIO_setDirection                               
0     003f3296  _GPIO_setExtInt                                  
0     003f3286  _GPIO_setHigh                                    
0     003f3276  _GPIO_setLow                                     
0     003f3247  _GPIO_setMode                                    
0     003f3239  _GPIO_setPortData                                
0     003f321f  _GPIO_setPullUp                                  
0     003f31e9  _GPIO_setQualification                           
0     003f31be  _GPIO_setQualificationPeriod                     
0     003f31ae  _GPIO_toggle                                     
0     003f1908  _HAL_AdcCalChanSelect                            
0     003f195f  _HAL_AdcCalConversion                            
0     003f1ac1  _HAL_AdcOffsetSelfCal                            
0     003f1b83  _HAL_OscTempComp                                 
0     003f1bdc  _HAL_cal                                         
0     003f1e17  _HAL_disableGlobalInts                           
0     003f1d29  _HAL_disableWdog                                 
0     003f1e05  _HAL_enableAdcInts                               
0     003f1e01  _HAL_enableDebugInt                              
0     003f1dfc  _HAL_enableDrv                                   
0     003f1df8  _HAL_enableGlobalInts                            
0     003f1de7  _HAL_enablePwmInt                                
0     003f1af0  _HAL_getOscTrimValue                             
0     003f1d2e  _HAL_init                                        
0     003f1b03  _HAL_osc1Comp                                    
0     003f1b43  _HAL_osc2Comp                                    
0     003f1d24  _HAL_readDrvData                                 
0     003f1d0a  _HAL_setDacParameters                            
0     003f1bf3  _HAL_setParams                                   
0     003f1856  _HAL_setupAdcs                                   
0     003f183a  _HAL_setupClks                                   
0     003f1835  _HAL_setupDrvSpi                                 
0     003f1817  _HAL_setupFaults                                 
0     00008604  _HAL_setupFlash                                  
0     003f1802  _HAL_setupGate                                   
0     003f1751  _HAL_setupGpios                                  
0     003f172b  _HAL_setupLaunchPadGpio0and1                     
0     003f16f6  _HAL_setupPeripheralClks                         
0     003f16da  _HAL_setupPie                                    
0     003f169b  _HAL_setupPll                                    
0     003f15c3  _HAL_setupPwms                                   
0     003f156e  _HAL_setupSCI                                    
0     003f1538  _HAL_setupSpiA                                   
0     003f14df  _HAL_setupTimers                                 
0     003f14da  _HAL_writeDrvData                                
0     003f3728  _OFFSET_getBeta                                  
0     003f3717  _OFFSET_init                                     
0     003f3701  _OFFSET_setBeta                                  
0     003f36f2  _OFFSET_setInitCond                              
0     003f36f0  _OFFSET_setOffset                                
0     003f3860  _OSC_init                                        
0     003f3853  _OSC_setCoarseTrim                               
0     003f3842  _OSC_setFineTrim                                 
0     003f3839  _OSC_setTrim                                     
0     003f3526  _PIE_clearAllFlags                               
0     003f3523  _PIE_clearAllInts                                
0     003f3520  _PIE_disable                                     
0     003f3519  _PIE_disableAllInts                              
0     003f3515  _PIE_disableCaptureInt                           
0     003f350c  _PIE_disableExtInt                               
0     003f3502  _PIE_disableInt                                  
0     003f34ff  _PIE_enable                                      
0     003f34e3  _PIE_enableAdcInt                                
0     003f34df  _PIE_enableCaptureInt                            
0     003f34c3  _PIE_enableExtInt                                
0     003f34ba  _PIE_enableInt                                   
0     003f34b5  _PIE_enablePwmInt                                
0     003f34b0  _PIE_enablePwmTzInt                              
0     003f34ad  _PIE_enableTimer0Int                             
0     003f34a4  _PIE_forceInt                                    
0     003f349c  _PIE_getExtIntCount                              
0     003f3495  _PIE_getIntEnables                               
0     003f348e  _PIE_getIntFlags                                 
0     003f39b1  _PIE_illegalIsr                                  
0     003f3486  _PIE_init                                        
0     003f3475  _PIE_registerPieIntHandler                       
0     003f346a  _PIE_registerSystemIntHandler                    
0     003f345f  _PIE_setDefaultIntVectorTable                    
0     003f344e  _PIE_setExtIntPolarity                           
0     003f343b  _PIE_unregisterPieIntHandler                     
0     003f342e  _PIE_unregisterSystemIntHandler                  
0     003f3696  _PLL_disable                                     
0     003f3690  _PLL_disableClkDetect                            
0     003f368a  _PLL_disableNormRdy                              
0     003f3684  _PLL_disableOsc                                  
0     003f367e  _PLL_enable                                      
0     003f3678  _PLL_enableClkDetect                             
0     003f3672  _PLL_enableNormRdy                               
0     003f366c  _PLL_enableOsc                                   
0     003f3668  _PLL_getClkFreq                                  
0     003f3665  _PLL_getClkStatus                                
0     003f3662  _PLL_getDivideSelect                             
0     003f365f  _PLL_getLockStatus                               
0     003f3659  _PLL_init                                        
0     003f3653  _PLL_resetClkDetect                              
0     003f364d  _PLL_setClkFreq                                  
0     003f3646  _PLL_setDivideSelect                             
0     003f3641  _PLL_setLockPeriod                               
0     003f2ce5  _PWM_clearTripZone                               
0     003f2ce2  _PWM_decrementDeadBandFallingEdgeDelay           
0     003f2cdf  _PWM_decrementDeadBandRisingEdgeDelay            
0     003f2cd8  _PWM_disableAutoConvert                          
0     003f2cd4  _PWM_disableChopping                             
0     003f2cd1  _PWM_disableCounterLoad                          
0     003f2cce  _PWM_disableDeadBand                             
0     003f2cca  _PWM_disableDeadBandHalfCycle                    
0     003f2cc3  _PWM_disableDigitalCompareBlankingWindow         
0     003f2cbc  _PWM_disableDigitalCompareBlankingWindowInversion
0     003f2cb5  _PWM_disableHrPeriod                             
0     003f2cae  _PWM_disableHrPhaseSync                          
0     003f2caa  _PWM_disableInt                                  
0     003f2ca6  _PWM_disableSocAPulse                            
0     003f2ca2  _PWM_disableSocBPulse                            
0     003f2c9b  _PWM_disableTripZoneInt                          
0     003f2c94  _PWM_disableTripZoneSrc                          
0     003f2c8e  _PWM_disableTripZones                            
0     003f2c87  _PWM_enableAutoConvert                           
0     003f2c83  _PWM_enableChopping                              
0     003f2c80  _PWM_enableCounterLoad                           
0     003f2c7c  _PWM_enableDeadBandHalfCycle                     
0     003f2c75  _PWM_enableDigitalCompareBlankingWindow          
0     003f2c6e  _PWM_enableDigitalCompareBlankingWindowInversion 
0     003f2c67  _PWM_enableHrPeriod                              
0     003f2c60  _PWM_enableHrPhaseSync                           
0     003f2c5c  _PWM_enableInt                                   
0     003f2c58  _PWM_enableSocAPulse                             
0     003f2c54  _PWM_enableSocBPulse                             
0     003f2c4e  _PWM_enableTripZoneInt                           
0     003f2c48  _PWM_enableTripZoneSrc                           
0     003f2c45  _PWM_getDeadBandFallingEdgeDelay                 
0     003f2c42  _PWM_getDeadBandRisingEdgeDelay                  
0     003f2c3e  _PWM_getIntCount                                 
0     003f2c3a  _PWM_getShadowStatus_CmpA                        
0     003f2c36  _PWM_getShadowStatus_CmpB                        
0     003f2c31  _PWM_getSocACount                                
0     003f2c2c  _PWM_getSocBCount                                
0     003f2c29  _PWM_incrementDeadBandFallingEdgeDelay           
0     003f2c26  _PWM_incrementDeadBandRisingEdgeDelay            
0     003f2c20  _PWM_init                                        
0     003f2c19  _PWM_setActionQualContSWForce_PwmA               
0     003f2c10  _PWM_setActionQualContSWForce_PwmB               
0     003f2c07  _PWM_setActionQual_CntDown_CmpA_PwmA             
0     003f2bfe  _PWM_setActionQual_CntDown_CmpA_PwmB             
0     003f2bf5  _PWM_setActionQual_CntDown_CmpB_PwmA             
0     003f2bec  _PWM_setActionQual_CntDown_CmpB_PwmB             
0     003f2be3  _PWM_setActionQual_CntUp_CmpA_PwmA               
0     003f2bda  _PWM_setActionQual_CntUp_CmpA_PwmB               
0     003f2bd1  _PWM_setActionQual_CntUp_CmpB_PwmA               
0     003f2bc8  _PWM_setActionQual_CntUp_CmpB_PwmB               
0     003f2bbf  _PWM_setActionQual_Period_PwmA                   
0     003f2bb6  _PWM_setActionQual_Period_PwmB                   
0     003f2baf  _PWM_setActionQual_Zero_PwmA                     
0     003f2ba8  _PWM_setActionQual_Zero_PwmB                     
0     003f2ba1  _PWM_setChoppingClkFreq                          
0     003f2b9a  _PWM_setChoppingDutyCycle                        
0     003f2b93  _PWM_setChoppingPulseWidth                       
0     003f2b8f  _PWM_setClkDiv                                   
0     003f2b8d  _PWM_setCount                                    
0     003f2b89  _PWM_setCounterMode                              
0     003f2b86  _PWM_setDeadBandFallingEdgeDelay                 
0     003f2b7f  _PWM_setDeadBandInputMode                        
0     003f2b78  _PWM_setDeadBandOutputMode                       
0     003f2b71  _PWM_setDeadBandPolarity                         
0     003f2b6e  _PWM_setDeadBandRisingEdgeDelay                  
0     003f2b54  _PWM_setDigitalCompareAEvent1                    
0     003f2b44  _PWM_setDigitalCompareAEvent2                    
0     003f2b2a  _PWM_setDigitalCompareBEvent1                    
0     003f2b1a  _PWM_setDigitalCompareBEvent2                    
0     003f2b0e  _PWM_setDigitalCompareBlankingPulse              
0     003f2b0b  _PWM_setDigitalCompareFilterOffset               
0     003f2b01  _PWM_setDigitalCompareFilterSource               
0     003f2afe  _PWM_setDigitalCompareFilterWindow               
0     003f2aef  _PWM_setDigitalCompareInput                      
0     003f2aeb  _PWM_setHighSpeedClkDiv                          
0     003f2ae1  _PWM_setHrControlMode                            
0     003f2ad7  _PWM_setHrEdgeMode                               
0     003f2acd  _PWM_setHrShadowMode                             
0     003f2ac6  _PWM_setIntMode                                  
0     003f2abf  _PWM_setIntPeriod                                
0     003f2abb  _PWM_setLoadMode_CmpA                            
0     003f2ab5  _PWM_setLoadMode_CmpB                            
0     003f2ab3  _PWM_setPeriod                                   
0     003f2aae  _PWM_setPeriodHr                                 
0     003f2aaa  _PWM_setPeriodLoad                               
0     003f2aa8  _PWM_setPhase                                    
0     003f2aa4  _PWM_setPhaseDir                                 
0     003f2aa0  _PWM_setRunMode                                  
0     003f2a9a  _PWM_setShadowMode_CmpA                          
0     003f2a94  _PWM_setShadowMode_CmpB                          
0     003f2a8b  _PWM_setSocAPeriod                               
0     003f2a82  _PWM_setSocAPulseSrc                             
0     003f2a79  _PWM_setSocBPeriod                               
0     003f2a70  _PWM_setSocBPulseSrc                             
0     003f2a6d  _PWM_setSwSync                                   
0     003f2a69  _PWM_setSyncMode                                 
0     003f2a5f  _PWM_setTripZoneDCEventSelect_DCAEVT1            
0     003f2a53  _PWM_setTripZoneDCEventSelect_DCAEVT2            
0     003f2a47  _PWM_setTripZoneDCEventSelect_DCBEVT1            
0     003f2a3b  _PWM_setTripZoneDCEventSelect_DCBEVT2            
0     003f2a2f  _PWM_setTripZoneState_DCAEVT1                    
0     003f2a23  _PWM_setTripZoneState_DCAEVT2                    
0     003f2a17  _PWM_setTripZoneState_DCBEVT1                    
0     003f2a0b  _PWM_setTripZoneState_DCBEVT2                    
0     003f2a01  _PWM_setTripZoneState_TZA                        
0     003f29f5  _PWM_setTripZoneState_TZB                        
0     003f3804  _PWR_disableBrownOutReset                        
0     003f37fa  _PWR_disableWatchDogInt                          
0     003f37f7  _PWR_enableBrownOutReset                         
0     003f37ed  _PWR_enableWatchDogInt                           
0     003f37e5  _PWR_init                                        
0     003f37d4  _PWR_setLowPowerMode                             
0     003f37c3  _PWR_setNumStandByClocks                         
0     003f0626  _RamfuncsLoadEnd                                 
0     003f0000  _RamfuncsLoadStart                               
0     00008000  _RamfuncsRunStart                                
n/a   UNDEFED   _SCI_RX_ISR                                      
n/a   UNDEFED   _SCI_disable                                     
n/a   UNDEFED   _SCI_disableLoopBack                             
n/a   UNDEFED   _SCI_disableParity                               
n/a   UNDEFED   _SCI_disableRxErrorInt                           
n/a   UNDEFED   _SCI_disableSleep                                
n/a   UNDEFED   _SCI_disableTxInt                                
n/a   UNDEFED   _SCI_disableTxWake                               
n/a   UNDEFED   _SCI_enable                                      
n/a   UNDEFED   _SCI_enableRx                                    
n/a   UNDEFED   _SCI_enableRxInt                                 
n/a   UNDEFED   _SCI_enableTx                                    
n/a   UNDEFED   _SCI_getTxFifoStatus                             
n/a   UNDEFED   _SCI_init                                        
n/a   UNDEFED   _SCI_setBaudRate                                 
n/a   UNDEFED   _SCI_setCharLength                               
n/a   UNDEFED   _SCI_setMode                                     
n/a   UNDEFED   _SCI_setNumStopBits                              
n/a   UNDEFED   _SCI_setParity                                   
0     003f14ba  _SCI_write_char                                  
0     003f14cc  _SCI_write_str                                   
0     003f35d2  _SPI_clearRxFifoInt                              
0     003f35ce  _SPI_clearRxFifoOvf                              
0     003f35ca  _SPI_clearTxFifoInt                              
0     003f35c7  _SPI_disableInt                                  
0     003f35c4  _SPI_disableLoopBack                             
0     003f35c1  _SPI_disableOverRunInt                           
0     003f35bd  _SPI_disableRxFifoInt                            
0     003f35ba  _SPI_disableTx                                   
0     003f35b6  _SPI_disableTxFifoEnh                            
0     003f35b2  _SPI_disableTxFifoInt                            
0     003f35af  _SPI_enable                                      
0     003f35ab  _SPI_enableChannels                              
0     003f35a8  _SPI_enableInt                                   
0     003f35a5  _SPI_enableLoopBack                              
0     003f35a2  _SPI_enableOverRunInt                            
0     003f359e  _SPI_enableRxFifo                                
0     003f359a  _SPI_enableRxFifoInt                             
0     003f3597  _SPI_enableTx                                    
0     003f3593  _SPI_enableTxFifo                                
0     003f358f  _SPI_enableTxFifoEnh                             
0     003f358b  _SPI_enableTxFifoInt                             
0     003f3588  _SPI_getIntFlagStatus                            
0     003f3584  _SPI_getRxFifoStatus                             
0     003f3581  _SPI_getTxBufferStatus                           
0     003f357d  _SPI_getTxFifoStatus                             
0     003f3577  _SPI_init                                        
0     003f3574  _SPI_reset                                       
0     003f3570  _SPI_resetChannels                               
0     003f356c  _SPI_resetRxFifo                                 
0     003f3568  _SPI_resetTxFifo                                 
0     003f3566  _SPI_setBaudRate                                 
0     003f3562  _SPI_setCharLength                               
0     003f3560  _SPI_setClkPhase                                 
0     003f355c  _SPI_setClkPolarity                              
0     003f355a  _SPI_setMode                                     
0     003f3553  _SPI_setPriority                                 
0     003f354c  _SPI_setRxFifoIntLevel                           
0     003f3545  _SPI_setSteInv                                   
0     003f353e  _SPI_setSuspend                                  
0     003f3537  _SPI_setTriWire                                  
0     003f3534  _SPI_setTxDelay                                  
0     003f352d  _SPI_setTxFifoIntLevel                           
0     003f3836  _TIMER_clearFlag                                 
0     003f3833  _TIMER_disableInt                                
0     003f3830  _TIMER_enableInt                                 
0     003f382d  _TIMER_getStatus                                 
0     003f3827  _TIMER_init                                      
0     003f3819  _TIMER_setDecimationFactor                       
0     003f3815  _TIMER_setEmulationMode                          
0     003f3807  _TIMER_setPreScaler                              
0     003f25ed  _USER_calcPIgains                                
0     003f25e9  _USER_checkForErrors                             
0     003f25db  _USER_computeFlux                                
0     003f259f  _USER_computeFlux_pu_to_VpHz_sf                  
0     003f2563  _USER_computeFlux_pu_to_Wb_sf                    
0     003f2527  _USER_computeTorque_Flux_Iq_pu_to_Nm_sf          
0     003f24ed  _USER_computeTorque_Ls_Id_Iq_pu_to_Nm_sf         
0     003f24a0  _USER_computeTorque_Nm                           
0     003f2448  _USER_computeTorque_lbin                         
0     003f2445  _USER_getErrorCode                               
0     003f2442  _USER_setErrorCode                               
0     003f2301  _USER_setParams                                  
0     003f227e  _USER_softwareUpdate1p6                          
0     003f37bb  _WDOG_clearCounter                               
0     003f37b3  _WDOG_disable                                    
0     003f37ad  _WDOG_disableInt                                 
0     003f37a7  _WDOG_disableOverRide                            
0     003f379e  _WDOG_enable                                     
0     003f3798  _WDOG_enableInt                                  
0     003f3792  _WDOG_enableOverRide                             
0     003f378f  _WDOG_getIntStatus                               
0     003f3789  _WDOG_init                                       
0     003f3787  _WDOG_setCount                                   
0     003f377d  _WDOG_setPreScaler                               
abs   003ff854  __IQ24cosPU                                      
abs   003fff8f  __IQ24rmpy                                       
abs   003ff82b  __IQ24sinPU                                      
abs   003ff2aa  __IQ24sqrt                                       
abs   003ff87b  __IQ29rsmpy                                      
abs   003fff52  __IQ30rsmpy                                      
abs   003fff7b  __IQ30toF                                        
1     00000496  __STACK_END                                      
abs   00000200  __STACK_SIZE                                     
1     0000028a  ___TI_cleanup_ptr                                
1     0000028c  ___TI_dtors_ptr                                  
1     00000288  ___TI_enable_exit_profile_output                 
abs   ffffffff  ___TI_pprof_out_hndl                             
abs   ffffffff  ___TI_prof_data_size                             
abs   ffffffff  ___TI_prof_data_start                            
abs   ffffffff  ___binit__                                       
abs   ffffffff  ___c_args__                                      
0     003f39b9  ___cinit__                                       
0     003f39b9  ___etext__                                       
abs   ffffffff  ___pinit__                                       
0     003f0626  ___text__                                        
0     003f3977  __args_main                                      
1     0000028e  __lock                                           
0     003f39a8  __nop                                            
0     003f39a4  __register_lock                                  
0     003f39a0  __register_unlock                                
1     00000296  __stack                                          
0     003f39b8  __system_post_cinit                              
0     003f39b6  __system_pre_init                                
1     00000290  __unlock                                         
0     003f3890  _abort                                           
0     003f27a8  _acim_Dir_qFmtCalc                               
0     003f369c  _c_int00                                         
0     003f35d6  _ceil                                            
0     003f35d6  _ceilf                                           
0     003f3737  _copy_in                                         
1     00000294  _cpu                                             
1     00000180  _ctrl                                            
1     00000006  _ctrlHandle                                      
0     003f395d  _ddcopy                                          
0     003f395d  _dpcopy                                          
0     003f3892  _exit                                            
1     00000014  _gAdcData                                        
1     00000001  _gCounter_updateGlobals                          
1     00000022  _gDrvSpi8301Vars                                 
1     00000004  _gLEDcnt                                         
1     00000008  _gMaxCurrentSlope                                
1     00000040  _gMotorVars                                      
1     0000000e  _gPwmData                                        
1     000000c0  _gUserParams                                     
1     0000000c  _global_krpm                                     
1     00000002  _global_speed                                    
1     000004c0  _hal                                             
1     0000000a  _halHandle                                       
1     00000003  _int_counter                                     
abs   003fda88  _log                                             
0     003f27be  _main                                            
0     00008513  _mainISR                                         
0     003f3990  _memCopy                                         
0     003f395d  _pdcopy                                          
abs   003fdd64  _pow                                             
0     003f395d  _ppcopy                                          
0     003f2730  _recalcKpKi                                      
0     003f270b  _setFeLimitZero                                  
0     003f26ae  _updateGlobalVariables_motor                     
0     00008622  _usDelay                                         
abs   ffffffff  binit                                            
0     003f39b9  cinit                                            
0     003f7ff6  code_start                                       
0     003f39b9  etext                                            
abs   ffffffff  pinit                                            


GLOBAL SYMBOLS: SORTED BY Symbol Address 

page  address   name                                             
----  -------   ----                                             
0     00008000  _CTRL_setup                                      
0     00008000  _RamfuncsRunStart                                
0     0000800a  _CTRL_run                                        
0     00008513  _mainISR                                         
0     000085d2  _FLASH_setStandbyWaitCount                       
0     000085d7  _FLASH_setPowerMode                              
0     000085de  _FLASH_setOtpWaitStates                          
0     000085e5  _FLASH_setNumRandomReadWaitStates                
0     000085ec  _FLASH_setNumPagedReadWaitStates                 
0     000085f3  _FLASH_setActiveWaitCount                        
0     000085f8  _FLASH_enablePipelineMode                        
0     000085fe  _FLASH_disablePipelineMode                       
0     00008604  _HAL_setupFlash                                  
0     00008622  _usDelay                                         
0     003f0000  _RamfuncsLoadStart                               
0     003f0626  .text                                            
0     003f0626  _CTRL_setupTraj                                  
0     003f0626  _RamfuncsLoadEnd                                 
0     003f0626  ___text__                                        
0     003f078a  _CTRL_setupEstOnLineState                        
0     003f07c5  _CTRL_setupEstIdleState                          
0     003f0963  _CTRL_setupCtrl                                  
0     003f0b4b  _CTRL_setUserMotorParams                         
0     003f0c7e  _CTRL_setEstParams                               
0     003f13e4  _CTRL_runTraj                                    
0     003f14b0  _CTRL_getVersion                                 
0     003f14ba  _SCI_write_char                                  
0     003f14cc  _SCI_write_str                                   
0     003f14da  _HAL_writeDrvData                                
0     003f14df  _HAL_setupTimers                                 
0     003f1538  _HAL_setupSpiA                                   
0     003f156e  _HAL_setupSCI                                    
0     003f15c3  _HAL_setupPwms                                   
0     003f169b  _HAL_setupPll                                    
0     003f16da  _HAL_setupPie                                    
0     003f16f6  _HAL_setupPeripheralClks                         
0     003f172b  _HAL_setupLaunchPadGpio0and1                     
0     003f1751  _HAL_setupGpios                                  
0     003f1802  _HAL_setupGate                                   
0     003f1817  _HAL_setupFaults                                 
0     003f1835  _HAL_setupDrvSpi                                 
0     003f183a  _HAL_setupClks                                   
0     003f1856  _HAL_setupAdcs                                   
0     003f1908  _HAL_AdcCalChanSelect                            
0     003f195f  _HAL_AdcCalConversion                            
0     003f1ac1  _HAL_AdcOffsetSelfCal                            
0     003f1af0  _HAL_getOscTrimValue                             
0     003f1b03  _HAL_osc1Comp                                    
0     003f1b43  _HAL_osc2Comp                                    
0     003f1b83  _HAL_OscTempComp                                 
0     003f1bdc  _HAL_cal                                         
0     003f1bf3  _HAL_setParams                                   
0     003f1d0a  _HAL_setDacParameters                            
0     003f1d24  _HAL_readDrvData                                 
0     003f1d29  _HAL_disableWdog                                 
0     003f1d2e  _HAL_init                                        
0     003f1de7  _HAL_enablePwmInt                                
0     003f1df8  _HAL_enableGlobalInts                            
0     003f1dfc  _HAL_enableDrv                                   
0     003f1e01  _HAL_enableDebugInt                              
0     003f1e05  _HAL_enableAdcInts                               
0     003f1e17  _HAL_disableGlobalInts                           
0     003f1e1b  _CTRL_updateState                                
0     003f1ece  _CTRL_setup_user                                 
0     003f1f31  _CTRL_setupClarke_V                              
0     003f1f47  _CTRL_setupClarke_I                              
0     003f1f63  _CTRL_setWaitTimes                               
0     003f1f6c  _CTRL_setSpd_ref_pu                              
0     003f1f6f  _CTRL_setSpd_ref_krpm                            
0     003f1f82  _CTRL_setGains                                   
0     003f1faa  _CTRL_setParams                                  
0     003f2208  _CTRL_getWaitTimes                               
0     003f2211  _CTRL_getVdq_out_pu                              
0     003f2218  _CTRL_getVab_out_pu                              
0     003f221f  _CTRL_getVab_in_pu                               
0     003f2226  _CTRL_getIdq_ref_pu                              
0     003f222d  _CTRL_getIdq_in_pu                               
0     003f2234  _CTRL_getIab_in_pu                               
0     003f223b  _CTRL_getIab_filt_pu                             
0     003f2242  _CTRL_getGains                                   
0     003f2272  _CTRL_setMagCurrent_pu                           
0     003f2275  _CTRL_setMaximumSpeed_pu                         
0     003f2278  _CTRL_getMaximumSpeed_pu                         
0     003f227b  _CTRL_getMagCurrent_pu                           
0     003f227e  _USER_softwareUpdate1p6                          
0     003f2301  _USER_setParams                                  
0     003f2442  _USER_setErrorCode                               
0     003f2445  _USER_getErrorCode                               
0     003f2448  _USER_computeTorque_lbin                         
0     003f24a0  _USER_computeTorque_Nm                           
0     003f24ed  _USER_computeTorque_Ls_Id_Iq_pu_to_Nm_sf         
0     003f2527  _USER_computeTorque_Flux_Iq_pu_to_Nm_sf          
0     003f2563  _USER_computeFlux_pu_to_Wb_sf                    
0     003f259f  _USER_computeFlux_pu_to_VpHz_sf                  
0     003f25db  _USER_computeFlux                                
0     003f25e9  _USER_checkForErrors                             
0     003f25ed  _USER_calcPIgains                                
0     003f26ae  _updateGlobalVariables_motor                     
0     003f270b  _setFeLimitZero                                  
0     003f2730  _recalcKpKi                                      
0     003f27a8  _acim_Dir_qFmtCalc                               
0     003f27be  _main                                            
0     003f29f5  _PWM_setTripZoneState_TZB                        
0     003f2a01  _PWM_setTripZoneState_TZA                        
0     003f2a0b  _PWM_setTripZoneState_DCBEVT2                    
0     003f2a17  _PWM_setTripZoneState_DCBEVT1                    
0     003f2a23  _PWM_setTripZoneState_DCAEVT2                    
0     003f2a2f  _PWM_setTripZoneState_DCAEVT1                    
0     003f2a3b  _PWM_setTripZoneDCEventSelect_DCBEVT2            
0     003f2a47  _PWM_setTripZoneDCEventSelect_DCBEVT1            
0     003f2a53  _PWM_setTripZoneDCEventSelect_DCAEVT2            
0     003f2a5f  _PWM_setTripZoneDCEventSelect_DCAEVT1            
0     003f2a69  _PWM_setSyncMode                                 
0     003f2a6d  _PWM_setSwSync                                   
0     003f2a70  _PWM_setSocBPulseSrc                             
0     003f2a79  _PWM_setSocBPeriod                               
0     003f2a82  _PWM_setSocAPulseSrc                             
0     003f2a8b  _PWM_setSocAPeriod                               
0     003f2a94  _PWM_setShadowMode_CmpB                          
0     003f2a9a  _PWM_setShadowMode_CmpA                          
0     003f2aa0  _PWM_setRunMode                                  
0     003f2aa4  _PWM_setPhaseDir                                 
0     003f2aa8  _PWM_setPhase                                    
0     003f2aaa  _PWM_setPeriodLoad                               
0     003f2aae  _PWM_setPeriodHr                                 
0     003f2ab3  _PWM_setPeriod                                   
0     003f2ab5  _PWM_setLoadMode_CmpB                            
0     003f2abb  _PWM_setLoadMode_CmpA                            
0     003f2abf  _PWM_setIntPeriod                                
0     003f2ac6  _PWM_setIntMode                                  
0     003f2acd  _PWM_setHrShadowMode                             
0     003f2ad7  _PWM_setHrEdgeMode                               
0     003f2ae1  _PWM_setHrControlMode                            
0     003f2aeb  _PWM_setHighSpeedClkDiv                          
0     003f2aef  _PWM_setDigitalCompareInput                      
0     003f2afe  _PWM_setDigitalCompareFilterWindow               
0     003f2b01  _PWM_setDigitalCompareFilterSource               
0     003f2b0b  _PWM_setDigitalCompareFilterOffset               
0     003f2b0e  _PWM_setDigitalCompareBlankingPulse              
0     003f2b1a  _PWM_setDigitalCompareBEvent2                    
0     003f2b2a  _PWM_setDigitalCompareBEvent1                    
0     003f2b44  _PWM_setDigitalCompareAEvent2                    
0     003f2b54  _PWM_setDigitalCompareAEvent1                    
0     003f2b6e  _PWM_setDeadBandRisingEdgeDelay                  
0     003f2b71  _PWM_setDeadBandPolarity                         
0     003f2b78  _PWM_setDeadBandOutputMode                       
0     003f2b7f  _PWM_setDeadBandInputMode                        
0     003f2b86  _PWM_setDeadBandFallingEdgeDelay                 
0     003f2b89  _PWM_setCounterMode                              
0     003f2b8d  _PWM_setCount                                    
0     003f2b8f  _PWM_setClkDiv                                   
0     003f2b93  _PWM_setChoppingPulseWidth                       
0     003f2b9a  _PWM_setChoppingDutyCycle                        
0     003f2ba1  _PWM_setChoppingClkFreq                          
0     003f2ba8  _PWM_setActionQual_Zero_PwmB                     
0     003f2baf  _PWM_setActionQual_Zero_PwmA                     
0     003f2bb6  _PWM_setActionQual_Period_PwmB                   
0     003f2bbf  _PWM_setActionQual_Period_PwmA                   
0     003f2bc8  _PWM_setActionQual_CntUp_CmpB_PwmB               
0     003f2bd1  _PWM_setActionQual_CntUp_CmpB_PwmA               
0     003f2bda  _PWM_setActionQual_CntUp_CmpA_PwmB               
0     003f2be3  _PWM_setActionQual_CntUp_CmpA_PwmA               
0     003f2bec  _PWM_setActionQual_CntDown_CmpB_PwmB             
0     003f2bf5  _PWM_setActionQual_CntDown_CmpB_PwmA             
0     003f2bfe  _PWM_setActionQual_CntDown_CmpA_PwmB             
0     003f2c07  _PWM_setActionQual_CntDown_CmpA_PwmA             
0     003f2c10  _PWM_setActionQualContSWForce_PwmB               
0     003f2c19  _PWM_setActionQualContSWForce_PwmA               
0     003f2c20  _PWM_init                                        
0     003f2c26  _PWM_incrementDeadBandRisingEdgeDelay            
0     003f2c29  _PWM_incrementDeadBandFallingEdgeDelay           
0     003f2c2c  _PWM_getSocBCount                                
0     003f2c31  _PWM_getSocACount                                
0     003f2c36  _PWM_getShadowStatus_CmpB                        
0     003f2c3a  _PWM_getShadowStatus_CmpA                        
0     003f2c3e  _PWM_getIntCount                                 
0     003f2c42  _PWM_getDeadBandRisingEdgeDelay                  
0     003f2c45  _PWM_getDeadBandFallingEdgeDelay                 
0     003f2c48  _PWM_enableTripZoneSrc                           
0     003f2c4e  _PWM_enableTripZoneInt                           
0     003f2c54  _PWM_enableSocBPulse                             
0     003f2c58  _PWM_enableSocAPulse                             
0     003f2c5c  _PWM_enableInt                                   
0     003f2c60  _PWM_enableHrPhaseSync                           
0     003f2c67  _PWM_enableHrPeriod                              
0     003f2c6e  _PWM_enableDigitalCompareBlankingWindowInversion 
0     003f2c75  _PWM_enableDigitalCompareBlankingWindow          
0     003f2c7c  _PWM_enableDeadBandHalfCycle                     
0     003f2c80  _PWM_enableCounterLoad                           
0     003f2c83  _PWM_enableChopping                              
0     003f2c87  _PWM_enableAutoConvert                           
0     003f2c8e  _PWM_disableTripZones                            
0     003f2c94  _PWM_disableTripZoneSrc                          
0     003f2c9b  _PWM_disableTripZoneInt                          
0     003f2ca2  _PWM_disableSocBPulse                            
0     003f2ca6  _PWM_disableSocAPulse                            
0     003f2caa  _PWM_disableInt                                  
0     003f2cae  _PWM_disableHrPhaseSync                          
0     003f2cb5  _PWM_disableHrPeriod                             
0     003f2cbc  _PWM_disableDigitalCompareBlankingWindowInversion
0     003f2cc3  _PWM_disableDigitalCompareBlankingWindow         
0     003f2cca  _PWM_disableDeadBandHalfCycle                    
0     003f2cce  _PWM_disableDeadBand                             
0     003f2cd1  _PWM_disableCounterLoad                          
0     003f2cd4  _PWM_disableChopping                             
0     003f2cd8  _PWM_disableAutoConvert                          
0     003f2cdf  _PWM_decrementDeadBandRisingEdgeDelay            
0     003f2ce2  _PWM_decrementDeadBandFallingEdgeDelay           
0     003f2ce5  _PWM_clearTripZone                               
0     003f2ceb  _DRV8301_writeSpi                                
0     003f2d02  _DRV8301_writeData                               
0     003f2d2b  _DRV8301_readSpi                                 
0     003f2d63  _DRV8301_setupSpi                                
0     003f2dea  _DRV8301_setSpiHandle                            
0     003f2dec  _DRV8301_setShuntAmpGain                         
0     003f2dfd  _DRV8301_setPwmMode                              
0     003f2e11  _DRV8301_setPeakCurrent                          
0     003f2e25  _DRV8301_setOcTwMode                             
0     003f2e39  _DRV8301_setOcOffTimeMode                        
0     003f2e4d  _DRV8301_setOcMode                               
0     003f2e61  _DRV8301_setOcLevel                              
0     003f2e75  _DRV8301_setGpioNumber                           
0     003f2e77  _DRV8301_setGpioHandle                           
0     003f2e79  _DRV8301_setDcCalMode                            
0     003f2e98  _DRV8301_reset                                   
0     003f2ea7  _DRV8301_readData                                
0     003f2f1d  _DRV8301_isReset                                 
0     003f2f24  _DRV8301_isFault                                 
0     003f2f2a  _DRV8301_init                                    
0     003f2f33  _DRV8301_getShuntAmpGain                         
0     003f2f3a  _DRV8301_getPwmMode                              
0     003f2f41  _DRV8301_getPeakCurrent                          
0     003f2f48  _DRV8301_getOcTwMode                             
0     003f2f4f  _DRV8301_getOcOffTimeMode                        
0     003f2f56  _DRV8301_getOcMode                               
0     003f2f5d  _DRV8301_getOcLevel                              
0     003f2f64  _DRV8301_getId                                   
0     003f2f6a  _DRV8301_getFaultType                            
0     003f2f85  _DRV8301_getDcCalMode                            
0     003f2f97  _DRV8301_enable                                  
0     003f2fb9  _ADC_setupSocTrigSrc                             
0     003f2fe3  _ADC_setVoltRefSrc                               
0     003f2ff4  _ADC_setTempSensorSrc                            
0     003f3005  _ADC_setSocTrigSrc                               
0     003f3019  _ADC_setSocSampleDelay                           
0     003f302d  _ADC_setSocFrcWord                               
0     003f3037  _ADC_setSocFrc                                   
0     003f3044  _ADC_setSocChanNumber                            
0     003f3058  _ADC_setSampleOverlapMode                        
0     003f306b  _ADC_setSampleMode                               
0     003f3082  _ADC_setOffTrim                                  
0     003f308c  _ADC_setIntSrc                                   
0     003f30ad  _ADC_setIntPulseGenMode                          
0     003f30be  _ADC_setIntMode                                  
0     003f30df  _ADC_setDivideSelect                             
0     003f30f0  _ADC_reset                                       
0     003f30fa  _ADC_powerUp                                     
0     003f3104  _ADC_powerDown                                   
0     003f310e  _ADC_init                                        
0     003f3116  _ADC_getDivideSelect                             
0     003f311d  _ADC_enableVoltRefLoConv                         
0     003f3127  _ADC_enableRefBuffers                            
0     003f3131  _ADC_enableNoOverlapMode                         
0     003f313b  _ADC_enableInt                                   
0     003f3151  _ADC_enableBandGap                               
0     003f315b  _ADC_enable                                      
0     003f3165  _ADC_disableVoltRefLoConv                        
0     003f316f  _ADC_disableRefBuffers                           
0     003f3179  _ADC_disableNoOverlapMode                        
0     003f3183  _ADC_disableInt                                  
0     003f319a  _ADC_disableBandGap                              
0     003f31a4  _ADC_disable                                     
0     003f31ae  _GPIO_toggle                                     
0     003f31be  _GPIO_setQualificationPeriod                     
0     003f31e9  _GPIO_setQualification                           
0     003f321f  _GPIO_setPullUp                                  
0     003f3239  _GPIO_setPortData                                
0     003f3247  _GPIO_setMode                                    
0     003f3276  _GPIO_setLow                                     
0     003f3286  _GPIO_setHigh                                    
0     003f3296  _GPIO_setExtInt                                  
0     003f32a1  _GPIO_setDirection                               
0     003f32bb  _GPIO_read                                       
0     003f32da  _GPIO_lpmSelect                                  
0     003f32e4  _GPIO_init                                       
0     003f32ea  _GPIO_getPortData                                
0     003f32f5  _GPIO_getData                                    
0     003f3303  _CLK_setXClkInSrc                                
0     003f330a  _CLK_setWatchDogSrc                              
0     003f3311  _CLK_setTimer2Src                                
0     003f3318  _CLK_setTimer2PreScale                           
0     003f331f  _CLK_setOscSrc                                   
0     003f3326  _CLK_setOsc2Src                                  
0     003f332d  _CLK_setLowSpdPreScaler                          
0     003f3333  _CLK_setClkOutPreScaler                          
0     003f333a  _CLK_init                                        
0     003f3340  _CLK_enableWatchDogHaltMode                      
0     003f3346  _CLK_enableTbClockSync                           
0     003f334d  _CLK_enableSpiaClock                             
0     003f3354  _CLK_enableSciaClock                             
0     003f335b  _CLK_enablePwmClock                              
0     003f3364  _CLK_enableOsc2HaltMode                          
0     003f336a  _CLK_enableOsc2                                  
0     003f3370  _CLK_enableOsc1HaltMode                          
0     003f3376  _CLK_enableOsc1                                  
0     003f337c  _CLK_enableI2cClock                              
0     003f3383  _CLK_enableHrPwmClock                            
0     003f338a  _CLK_enableGpioInputClock                        
0     003f3391  _CLK_enableEcap1Clock                            
0     003f3398  _CLK_enableCrystalOsc                            
0     003f339e  _CLK_enableCpuTimerClock                         
0     003f33a4  _CLK_enableCompClock                             
0     003f33aa  _CLK_enableClkIn                                 
0     003f33b0  _CLK_enableAdcClock                              
0     003f33b7  _CLK_disableWatchDogHaltMode                     
0     003f33bd  _CLK_disableTbClockSync                          
0     003f33c4  _CLK_disableSpiaClock                            
0     003f33cb  _CLK_disableSciaClock                            
0     003f33d2  _CLK_disablePwmClock                             
0     003f33dc  _CLK_disableOsc2HaltMode                         
0     003f33e2  _CLK_disableOsc2                                 
0     003f33e8  _CLK_disableOsc1HaltMode                         
0     003f33ee  _CLK_disableOsc1                                 
0     003f33f4  _CLK_disableI2cClock                             
0     003f33fb  _CLK_disableHrPwmClock                           
0     003f3402  _CLK_disableGpioInputClock                       
0     003f3409  _CLK_disableEcap1Clock                           
0     003f3410  _CLK_disableCrystalOsc                           
0     003f3416  _CLK_disableCpuTimerClock                        
0     003f341d  _CLK_disableCompClock                            
0     003f3421  _CLK_disableClkIn                                
0     003f3427  _CLK_disableAdcClock                             
0     003f342e  _PIE_unregisterSystemIntHandler                  
0     003f343b  _PIE_unregisterPieIntHandler                     
0     003f344e  _PIE_setExtIntPolarity                           
0     003f345f  _PIE_setDefaultIntVectorTable                    
0     003f346a  _PIE_registerSystemIntHandler                    
0     003f3475  _PIE_registerPieIntHandler                       
0     003f3486  _PIE_init                                        
0     003f348e  _PIE_getIntFlags                                 
0     003f3495  _PIE_getIntEnables                               
0     003f349c  _PIE_getExtIntCount                              
0     003f34a4  _PIE_forceInt                                    
0     003f34ad  _PIE_enableTimer0Int                             
0     003f34b0  _PIE_enablePwmTzInt                              
0     003f34b5  _PIE_enablePwmInt                                
0     003f34ba  _PIE_enableInt                                   
0     003f34c3  _PIE_enableExtInt                                
0     003f34df  _PIE_enableCaptureInt                            
0     003f34e3  _PIE_enableAdcInt                                
0     003f34ff  _PIE_enable                                      
0     003f3502  _PIE_disableInt                                  
0     003f350c  _PIE_disableExtInt                               
0     003f3515  _PIE_disableCaptureInt                           
0     003f3519  _PIE_disableAllInts                              
0     003f3520  _PIE_disable                                     
0     003f3523  _PIE_clearAllInts                                
[...]
0     003f3581  _SPI_getTxBufferStatus                           
0     003f3584  _SPI_getRxFifoStatus                             
0     003f3588  _SPI_getIntFlagStatus                            
0     003f358b  _SPI_enableTxFifoInt                             
0     003f358f  _SPI_enableTxFifoEnh                             
0     003f3593  _SPI_enableTxFifo                                
0     003f3597  _SPI_enableTx                                    
0     003f359a  _SPI_enableRxFifoInt                             
0     003f359e  _SPI_enableRxFifo                                
0     003f35a2  _SPI_enableOverRunInt                            
0     003f35a5  _SPI_enableLoopBack                              
0     003f35a8  _SPI_enableInt                                   
0     003f35ab  _SPI_enableChannels                              
0     003f35af  _SPI_enable                                      
0     003f35b2  _SPI_disableTxFifoInt                            
0     003f35b6  _SPI_disableTxFifoEnh                            
0     003f35ba  _SPI_disableTx                                   
0     003f35bd  _SPI_disableRxFifoInt                            
0     003f35c1  _SPI_disableOverRunInt                           
0     003f35c4  _SPI_disableLoopBack                             
0     003f35c7  _SPI_disableInt                                  
0     003f35ca  _SPI_clearTxFifoInt                              
0     003f35ce  _SPI_clearRxFifoOvf                              
0     003f35d2  _SPI_clearRxFifoInt                              
0     003f35d6  _ceil                                            
0     003f35d6  _ceilf                                           
0     003f3641  _PLL_setLockPeriod                               
0     003f3646  _PLL_setDivideSelect                             
0     003f364d  _PLL_setClkFreq                                  
0     003f3653  _PLL_resetClkDetect                              
0     003f3659  _PLL_init                                        
0     003f365f  _PLL_getLockStatus                               
0     003f3662  _PLL_getDivideSelect                             
0     003f3665  _PLL_getClkStatus                                
0     003f3668  _PLL_getClkFreq                                  
0     003f366c  _PLL_enableOsc                                   
0     003f3672  _PLL_enableNormRdy                               
0     003f3678  _PLL_enableClkDetect                             
0     003f367e  _PLL_enable                                      
0     003f3684  _PLL_disableOsc                                  
0     003f368a  _PLL_disableNormRdy                              
0     003f3690  _PLL_disableClkDetect                            
0     003f3696  _PLL_disable                                     
0     003f369c  _c_int00                                         
0     003f36f0  _OFFSET_setOffset                                
0     003f36f2  _OFFSET_setInitCond                              
0     003f3701  _OFFSET_setBeta                                  
0     003f3717  _OFFSET_init                                     
0     003f3728  _OFFSET_getBeta                                  
0     003f3737  _copy_in                                         
0     003f377d  _WDOG_setPreScaler                               
0     003f3787  _WDOG_setCount                                   
0     003f3789  _WDOG_init                                       
0     003f378f  _WDOG_getIntStatus                               
0     003f3792  _WDOG_enableOverRide                             
0     003f3798  _WDOG_enableInt                                  
0     003f379e  _WDOG_enable                                     
0     003f37a7  _WDOG_disableOverRide                            
0     003f37ad  _WDOG_disableInt                                 
0     003f37b3  _WDOG_disable                                    
0     003f37bb  _WDOG_clearCounter                               
0     003f37c3  _PWR_setNumStandByClocks                         
0     003f37d4  _PWR_setLowPowerMode                             
0     003f37e5  _PWR_init                                        
0     003f37ed  _PWR_enableWatchDogInt                           
0     003f37f7  _PWR_enableBrownOutReset                         
0     003f37fa  _PWR_disableWatchDogInt                          
0     003f3804  _PWR_disableBrownOutReset                        
0     003f3807  _TIMER_setPreScaler                              
0     003f3815  _TIMER_setEmulationMode                          
0     003f3819  _TIMER_setDecimationFactor                       
0     003f3827  _TIMER_init                                      
0     003f382d  _TIMER_getStatus                                 
0     003f3830  _TIMER_enableInt                                 
0     003f3833  _TIMER_disableInt                                
0     003f3836  _TIMER_clearFlag                                 
0     003f3839  _OSC_setTrim                                     
0     003f3842  _OSC_setFineTrim                                 
0     003f3853  _OSC_setCoarseTrim                               
0     003f3860  _OSC_init                                        
0     003f3866  L$$DIV                                           
0     003f3875  L$$MOD                                           
0     003f3883  UL$$DIV                                          
0     003f388a  UL$$MOD                                          
0     003f3890  C$$EXIT                                          
0     003f3890  _abort                                           
0     003f3892  _exit                                            
0     003f38b9  _CPU_init                                        
0     003f38bd  _CPU_enableProtectedRegisterWrite                
0     003f38c0  _CPU_enableInt                                   
0     003f38c4  _CPU_enableGlobalInts                            
0     003f38c7  _CPU_enableDebugInt                              
0     003f38ca  _CPU_disableProtectedRegisterWrite               
0     003f38cd  _CPU_disableInts                                 
0     003f38d0  _CPU_disableInt                                  
0     003f38d5  _CPU_disableGlobalInts                           
0     003f38d8  _CPU_disableDebugInt                             
0     003f38db  _CPU_clearIntFlags                               
0     003f38de  _FILTER_FO_setNumCoeffs                          
0     003f38e2  _FILTER_FO_setInitialConditions                  
0     003f38e7  _FILTER_FO_setDenCoeffs                          
0     003f38e9  _FILTER_FO_init                                  
0     003f38ef  _FILTER_FO_getNumCoeffs                          
0     003f38f5  _FILTER_FO_getInitialConditions                  
0     003f38fc  _FILTER_FO_getDenCoeffs                          
0     003f38ff  FS$$TOUL                                         
0     003f3920  _FLASH_init                                      
0     003f3926  _FLASH_getStandbyWaitStatus                      
0     003f392a  _FLASH_getStandbyWaitCount                       
0     003f392d  _FLASH_getPowerMode                              
0     003f3930  _FLASH_getActiveWaitStatus                       
0     003f3934  _FLASH_getActiveWaitCount                        
0     003f3937  _FLASH_get3VStatus                               
0     003f393a  _FLASH_clear3VStatus                             
0     003f3940  FS$$TOU                                          
0     003f395d  _ddcopy                                          
0     003f395d  _dpcopy                                          
0     003f395d  _pdcopy                                          
0     003f395d  _ppcopy                                          
0     003f3977  __args_main                                      
0     003f3990  _memCopy                                         
0     003f39a0  __register_unlock                                
0     003f39a4  __register_lock                                  
0     003f39a8  __nop                                            
0     003f39b1  _PIE_illegalIsr                                  
0     003f39b6  __system_pre_init                                
0     003f39b8  __system_post_cinit                              
0     003f39b9  ___cinit__                                       
0     003f39b9  ___etext__                                       
0     003f39b9  cinit                                            
0     003f39b9  etext                                            
0     003f7ff6  code_start                                       
1     00000000  _Flag_Latch_softwareUpdate                       
1     00000001  _gCounter_updateGlobals                          
1     00000002  _global_speed                                    
1     00000003  _int_counter                                     
1     00000004  _gLEDcnt                                         
1     00000006  _ctrlHandle                                      
1     00000008  _gMaxCurrentSlope                                
1     0000000a  _halHandle                                       
1     0000000c  _global_krpm                                     
1     0000000e  _gPwmData                                        
1     00000014  _gAdcData                                        
1     00000022  _gDrvSpi8301Vars                                 
1     00000040  _gMotorVars                                      
1     000000c0  _gUserParams                                     
1     00000180  _ctrl                                            
1     00000288  ___TI_enable_exit_profile_output                 
1     0000028a  ___TI_cleanup_ptr                                
1     0000028c  ___TI_dtors_ptr                                  
1     0000028e  __lock                                           
1     00000290  __unlock                                         
1     00000294  _cpu                                             
1     00000296  __stack                                          
1     00000496  __STACK_END                                      
1     000004c0  _hal                                             
abs   00000200  __STACK_SIZE                                     
abs   003fc000  _EST_getState                                    
abs   003fc002  _EST_useZeroIq_ref                               
abs   003fc05a  _EST_resetCounter_state                          
abs   003fc05e  _EST_isMotorIdentified                           
abs   003fc062  _EST_getFullScaleCurrent                         
abs   003fc08e  _EST_getFullScaleVoltage                         
abs   003fc092  _EST_computeDirection_qFmt                       
abs   003fc0f8  _EST_updateState                                 
abs   003fc3da  _EST_updateId_ref_pu                             
abs   003fc3e2  _EST_setWaitTimes                                
abs   003fc3fd  _EST_setRs_pu                                    
abs   003fc4bb  _EST_setMotorParams                              
abs   003fc4c0  _EST_setMaxCurrentSlope_pu                       
abs   003fc4cc  _EST_setLs_q_pu                                  
abs   003fc4d1  _EST_getFullScaleInductance                      
abs   003fc4d6  _EST_setLs_qFmt                                  
abs   003fc52a  _EST_setLs_d_pu                                  
abs   003fc548  _EST_setIq_ref_pu                                
abs   003fc54c  _EST_setIdle_all                                 
abs   003fc55f  _EST_setIdle                                     
abs   003fc565  _EST_setId_ref_pu                                
abs   003fc569  _EST_setIdRated_pu                               
abs   003fc56f  _EST_setFullScaleVoltage                         
abs   003fc573  _EST_setFullScaleResistance                      
abs   003fc58b  _EST_setFullScaleFreq                            
abs   003fc594  _EST_setFullScaleCurrent                         
abs   003fc5b0  _EST_setFlag_updateRs                            
abs   003fc5b4  _EST_setFlag_estComplete                         
abs   003fc5b8  _EST_setFlag_enableRsRecalc                      
abs   003fc5bc  _EST_setFlag_enableRsOnLine                      
abs   003fc5c0  _EST_setFlag_enableForceAngle                    
abs   003fc5c5  _EST_setFlag_enableFluxControl                   
abs   003fc5c9  _EST_setFe_pos_min_pu                            
abs   003fc5cd  _EST_setFe_neg_max_pu                            
abs   003fc5da  _EST_setDir_qFmt                                 
abs   003fc5ed  _EST_resetCounter_ctrl                           
abs   003fc5f2  _EST_getAngle_pu                                 
abs   003fcc5c  _EST_getFullScaleFreq                            
abs   003fcc60  _EST_run                                         
abs   003fcd5d  _EST_isOnLine                                    
abs   003fcd64  _EST_isLockRotor                                 
abs   003fcd6b  _EST_isIdle                                      
abs   003fcd72  _EST_isError                                     
abs   003fce38  _EST_get_pu_to_krpm_sf                           
abs   003fce3d  _EST_get_krpm_to_pu_sf                           
abs   003fceab  _EST_getSpeed_krpm                               
abs   003fcef8  _EST_getRs_Ohm                                   
abs   003fcf92  _EST_getRr_Ohm                                   
abs   003fcf98  _EST_getOneOverDcBus_pu                          
abs   003fcfa2  _EST_getMaxCurrentSlope_pu                       
abs   003fcfae  _EST_getLs_q_pu                                  
abs   003fcfb3  _EST_getLs_q_H                                   
abs   003fcfd5  _EST_getLs_d_pu                                  
abs   003fcfda  _EST_getLs_d_H                                   
abs   003fcfe4  _EST_getLs_coarse_max_pu                         
abs   003fd017  _EST_getIdRated                                  
abs   003fd043  _EST_getFullScaleFlux                            
abs   003fd073  _EST_getFm_pu                                    
abs   003fd090  _EST_getFlux_pu                                  
abs   003fd0a3  _EST_getFlux_VpHz                                
abs   003fd13d  _EST_doSpeedCtrl                                 
abs   003fd145  _EST_doCurrentCtrl                               
abs   003fd14d  _EST_computeR                                    
abs   003fd16d  _EST_computeL                                    
abs   003fd1af  _EST_TRAJ_setParams                              
abs   003fd1be  _EST_I_setParams                                 
abs   003fd1e8  _EST_EPL_setParams                               
abs   003fd237  _EST_Ls_setWaitTimes                             
abs   003fd247  _EST_Ls_setParams                                
abs   003fd284  _EST_Ls_setLs_q                                  
abs   003fd2b6  _EST_Ls_setLs_d                                  
abs   003fd3a8  _EST_Ls_getLs_d                                  
abs   003fd41e  _EST_Flux_setWaitTimes                           
abs   003fd42e  _EST_Flux_setParams                              
abs   003fd49c  _EST_Flux_getRatedFlux_pu                        
abs   003fd514  _EST_Flux_computeOneOverFlux_qFmt                
abs   003fd54d  _EST_RsOnLine_setParams                          
abs   003fd57d  _EST_RsOnLine_setFilterParams                    
abs   003fd6b3  _EST_Rs_setWaitTimes                             
abs   003fd6c3  _EST_Rs_setRs                                    
abs   003fd725  _EST_Rs_setParams                                
abs   003fd767  _EST_Rs_getRs                                    
abs   003fd788  _EST_Rr_setRr                                    
abs   003fd7e9  _EST_Rr_setParams                                
abs   003fd88b  _CTRL_initCtrl                                   
abs   003fd922  _EST_Dir_setParams                               
abs   003fd95c  _EST_Freq_setParams                              
abs   003fd9b0  _EST_Flux_ab_setParams                           
abs   003fd9cc  _EST_Iab_setParams                               
abs   003fd9e5  _EST_Angle_setParams                             
abs   003fd9fb  _EST_Vdq_setParams                               
abs   003fda0d  _EST_OneOverDcBus_setParams                      
abs   003fda1e  _EST_Idq_setParams                               
abs   003fda3b  _EST_Flux_dq_setParams                           
abs   003fda47  _EST_Vback_ab_setParams                          
abs   003fda53  _EST_Vab_setParams                               
abs   003fda5e  _EST_Vback_dq_setParams                          
abs   003fda88  _log                                             
abs   003fdc5e  FD$$MPY                                          
abs   003fdce1  FS$$DIV                                          
abs   003fdd64  _pow                                             
abs   003fdde7  FS$$MPY                                          
abs   003fdeb8  FS$$ADD                                          
abs   003fdf2b  FS$$CMP                                          
abs   003fdf7b  FD$$TOL                                          
abs   003fdfb7  FS$$TOFD                                         
abs   003ff2aa  __IQ24sqrt                                       
abs   003ff82b  __IQ24sinPU                                      
abs   003ff854  __IQ24cosPU                                      
abs   003ff87b  __IQ29rsmpy                                      
abs   003ff8aa  UL$$TOFS                                         
abs   003ff8bd  U$$TOFS                                          
abs   003fff0e  FS$$TOI                                          
abs   003fff33  I$$TOFS                                          
abs   003fff4d  FS$$NEG                                          
abs   003fff52  __IQ30rsmpy                                      
abs   003fff7b  __IQ30toF                                        
abs   003fff8f  __IQ24rmpy                                       
abs   ffffffff  ___TI_pprof_out_hndl                             
abs   ffffffff  ___TI_prof_data_size                             
abs   ffffffff  ___TI_prof_data_start                            
abs   ffffffff  ___binit__                                       
abs   ffffffff  ___c_args__                                      
abs   ffffffff  ___pinit__                                       
abs   ffffffff  binit                                            
abs   ffffffff  pinit                                            
n/a   UNDEFED   _SCI_RX_ISR                                      
n/a   UNDEFED   _SCI_disable                                     
n/a   UNDEFED   _SCI_disableLoopBack                             
n/a   UNDEFED   _SCI_disableParity                               
n/a   UNDEFED   _SCI_disableRxErrorInt                           
n/a   UNDEFED   _SCI_disableSleep                                
n/a   UNDEFED   _SCI_disableTxInt                                
n/a   UNDEFED   _SCI_disableTxWake                               
n/a   UNDEFED   _SCI_enable                                      
n/a   UNDEFED   _SCI_enableRx                                    
n/a   UNDEFED   _SCI_enableRxInt                                 
n/a   UNDEFED   _SCI_enableTx                                    
n/a   UNDEFED   _SCI_getTxFifoStatus                             
n/a   UNDEFED   _SCI_init                                        
n/a   UNDEFED   _SCI_setBaudRate                                 
n/a   UNDEFED   _SCI_setCharLength                               
n/a   UNDEFED   _SCI_setMode                                     
n/a   UNDEFED   _SCI_setNumStopBits                              
n/a   UNDEFED   _SCI_setParity                                   

[678 symbols]
