<?xml version="1.0"?>
<link_info>
   <banner>TMS320C2000 Linker PC v15.12.3.LTS</banner>
   <copyright>Copyright (c) 1996-2015 Texas Instruments Incorporated</copyright>
   <link_time>0x58914a2b</link_time>
   <link_errors>0x0</link_errors>
   <output_file>proj_lab02c.out</output_file>
   <entry_point>
      <name>code_start</name>
      <address>0x3f7ff6</address>
   </entry_point>
   <input_file_list>
      <input_file id="fl-8">
         <path>.\</path>
         <kind>object</kind>
         <file>CodeStartBranch.obj</file>
         <name>CodeStartBranch.obj</name>
      </input_file>
      <input_file id="fl-9">
         <path>.\</path>
         <kind>object</kind>
         <file>adc.obj</file>
         <name>adc.obj</name>
      </input_file>
      <input_file id="fl-a">
         <path>.\</path>
         <kind>object</kind>
         <file>clarke.obj</file>
         <name>clarke.obj</name>
      </input_file>
      <input_file id="fl-b">
         <path>.\</path>
         <kind>object</kind>
         <file>clk.obj</file>
         <name>clk.obj</name>
      </input_file>
      <input_file id="fl-c">
         <path>.\</path>
         <kind>object</kind>
         <file>cpu.obj</file>
         <name>cpu.obj</name>
      </input_file>
      <input_file id="fl-d">
         <path>.\</path>
         <kind>object</kind>
         <file>ctrl.obj</file>
         <name>ctrl.obj</name>
      </input_file>
      <input_file id="fl-e">
         <path>.\</path>
         <kind>object</kind>
         <file>drv8301.obj</file>
         <name>drv8301.obj</name>
      </input_file>
      <input_file id="fl-f">
         <path>.\</path>
         <kind>object</kind>
         <file>filter_fo.obj</file>
         <name>filter_fo.obj</name>
      </input_file>
      <input_file id="fl-10">
         <path>.\</path>
         <kind>object</kind>
         <file>flash.obj</file>
         <name>flash.obj</name>
      </input_file>
      <input_file id="fl-11">
         <path>.\</path>
         <kind>object</kind>
         <file>gpio.obj</file>
         <name>gpio.obj</name>
      </input_file>
      <input_file id="fl-12">
         <path>.\</path>
         <kind>object</kind>
         <file>hal.obj</file>
         <name>hal.obj</name>
      </input_file>
      <input_file id="fl-13">
         <path>.\</path>
         <kind>object</kind>
         <file>ipark.obj</file>
         <name>ipark.obj</name>
      </input_file>
      <input_file id="fl-14">
         <path>.\</path>
         <kind>object</kind>
         <file>memCopy.obj</file>
         <name>memCopy.obj</name>
      </input_file>
      <input_file id="fl-15">
         <path>.\</path>
         <kind>object</kind>
         <file>offset.obj</file>
         <name>offset.obj</name>
      </input_file>
      <input_file id="fl-16">
         <path>.\</path>
         <kind>object</kind>
         <file>osc.obj</file>
         <name>osc.obj</name>
      </input_file>
      <input_file id="fl-17">
         <path>.\</path>
         <kind>object</kind>
         <file>park.obj</file>
         <name>park.obj</name>
      </input_file>
      <input_file id="fl-18">
         <path>.\</path>
         <kind>object</kind>
         <file>pid.obj</file>
         <name>pid.obj</name>
      </input_file>
      <input_file id="fl-19">
         <path>.\</path>
         <kind>object</kind>
         <file>pie.obj</file>
         <name>pie.obj</name>
      </input_file>
      <input_file id="fl-1a">
         <path>.\</path>
         <kind>object</kind>
         <file>pll.obj</file>
         <name>pll.obj</name>
      </input_file>
      <input_file id="fl-1b">
         <path>.\</path>
         <kind>object</kind>
         <file>proj_lab02c.obj</file>
         <name>proj_lab02c.obj</name>
      </input_file>
      <input_file id="fl-1c">
         <path>.\</path>
         <kind>object</kind>
         <file>pwm.obj</file>
         <name>pwm.obj</name>
      </input_file>
      <input_file id="fl-1d">
         <path>.\</path>
         <kind>object</kind>
         <file>pwr.obj</file>
         <name>pwr.obj</name>
      </input_file>
      <input_file id="fl-1e">
         <path>.\</path>
         <kind>object</kind>
         <file>spi.obj</file>
         <name>spi.obj</name>
      </input_file>
      <input_file id="fl-1f">
         <path>.\</path>
         <kind>object</kind>
         <file>svgen.obj</file>
         <name>svgen.obj</name>
      </input_file>
      <input_file id="fl-20">
         <path>.\</path>
         <kind>object</kind>
         <file>timer.obj</file>
         <name>timer.obj</name>
      </input_file>
      <input_file id="fl-21">
         <path>.\</path>
         <kind>object</kind>
         <file>traj.obj</file>
         <name>traj.obj</name>
      </input_file>
      <input_file id="fl-22">
         <path>.\</path>
         <kind>object</kind>
         <file>usDelay.obj</file>
         <name>usDelay.obj</name>
      </input_file>
      <input_file id="fl-23">
         <path>.\</path>
         <kind>object</kind>
         <file>user.obj</file>
         <name>user.obj</name>
      </input_file>
      <input_file id="fl-24">
         <path>.\</path>
         <kind>object</kind>
         <file>wdog.obj</file>
         <name>wdog.obj</name>
      </input_file>
      <input_file id="fl-28">
         <path>C:\ti\motorware\motorware_1_01_00_17\sw\modules\fast\lib\32b\f28x\f2802x\</path>
         <kind>archive</kind>
         <file>2802xRevB_Fast_RTS_ROMSymbols.lib</file>
         <name>REVB_2802x_boot_rom_out_FD$$MPY_tmp.obj</name>
      </input_file>
      <input_file id="fl-29">
         <path>C:\ti\motorware\motorware_1_01_00_17\sw\modules\fast\lib\32b\f28x\f2802x\</path>
         <kind>archive</kind>
         <file>2802xRevB_Fast_RTS_ROMSymbols.lib</file>
         <name>REVB_2802x_boot_rom_out_FD$$TOL_tmp.obj</name>
      </input_file>
      <input_file id="fl-2a">
         <path>C:\ti\motorware\motorware_1_01_00_17\sw\modules\fast\lib\32b\f28x\f2802x\</path>
         <kind>archive</kind>
         <file>2802xRevB_Fast_RTS_ROMSymbols.lib</file>
         <name>REVB_2802x_boot_rom_out_FS$$ADD_tmp.obj</name>
      </input_file>
      <input_file id="fl-2b">
         <path>C:\ti\motorware\motorware_1_01_00_17\sw\modules\fast\lib\32b\f28x\f2802x\</path>
         <kind>archive</kind>
         <file>2802xRevB_Fast_RTS_ROMSymbols.lib</file>
         <name>REVB_2802x_boot_rom_out_FS$$DIV_tmp.obj</name>
      </input_file>
      <input_file id="fl-2c">
         <path>C:\ti\motorware\motorware_1_01_00_17\sw\modules\fast\lib\32b\f28x\f2802x\</path>
         <kind>archive</kind>
         <file>2802xRevB_Fast_RTS_ROMSymbols.lib</file>
         <name>REVB_2802x_boot_rom_out_FS$$MPY_tmp.obj</name>
      </input_file>
      <input_file id="fl-2d">
         <path>C:\ti\motorware\motorware_1_01_00_17\sw\modules\fast\lib\32b\f28x\f2802x\</path>
         <kind>archive</kind>
         <file>2802xRevB_Fast_RTS_ROMSymbols.lib</file>
         <name>REVB_2802x_boot_rom_out_FS$$NEG_tmp.obj</name>
      </input_file>
      <input_file id="fl-2e">
         <path>C:\ti\motorware\motorware_1_01_00_17\sw\modules\fast\lib\32b\f28x\f2802x\</path>
         <kind>archive</kind>
         <file>2802xRevB_Fast_RTS_ROMSymbols.lib</file>
         <name>REVB_2802x_boot_rom_out_FS$$TOFD_tmp.obj</name>
      </input_file>
      <input_file id="fl-2f">
         <path>C:\ti\motorware\motorware_1_01_00_17\sw\modules\fast\lib\32b\f28x\f2802x\</path>
         <kind>archive</kind>
         <file>2802xRevB_Fast_RTS_ROMSymbols.lib</file>
         <name>REVB_2802x_boot_rom_out_FS$$TOI_tmp.obj</name>
      </input_file>
      <input_file id="fl-30">
         <path>C:\ti\ccsv6\tools\compiler\c2000_15.12.3.LTS\lib\</path>
         <kind>archive</kind>
         <file>rts2800_ml.lib</file>
         <name>fs_tou.obj</name>
      </input_file>
      <input_file id="fl-31">
         <path>C:\ti\ccsv6\tools\compiler\c2000_15.12.3.LTS\lib\</path>
         <kind>archive</kind>
         <file>rts2800_ml.lib</file>
         <name>fs_toul.obj</name>
      </input_file>
      <input_file id="fl-32">
         <path>C:\ti\motorware\motorware_1_01_00_17\sw\modules\fast\lib\32b\f28x\f2802x\</path>
         <kind>archive</kind>
         <file>2802xRevB_Fast_RTS_ROMSymbols.lib</file>
         <name>REVB_2802x_boot_rom_out_I$$TOFS_tmp.obj</name>
      </input_file>
      <input_file id="fl-33">
         <path>C:\ti\motorware\motorware_1_01_00_17\sw\modules\fast\lib\32b\f28x\f2802x\</path>
         <kind>archive</kind>
         <file>2802xRevB_Fast_RTS_ROMSymbols.lib</file>
         <name>REVB_2802x_boot_rom_out_U$$TOFS_tmp.obj</name>
      </input_file>
      <input_file id="fl-34">
         <path>C:\ti\motorware\motorware_1_01_00_17\sw\modules\fast\lib\32b\f28x\f2802x\</path>
         <kind>archive</kind>
         <file>2802xRevB_Fast_RTS_ROMSymbols.lib</file>
         <name>REVB_2802x_boot_rom_out_UL$$TOFS_tmp.obj</name>
      </input_file>
      <input_file id="fl-35">
         <path>C:\ti\motorware\motorware_1_01_00_17\sw\modules\fast\lib\32b\f28x\f2802x\</path>
         <kind>archive</kind>
         <file>fast_public.lib</file>
         <name>ctrl_priv.obj</name>
      </input_file>
      <input_file id="fl-36">
         <path>C:\ti\motorware\motorware_1_01_00_17\sw\modules\fast\lib\32b\f28x\f2802x\</path>
         <kind>archive</kind>
         <file>2802xRevB_Fast_RTS_ROMSymbols.lib</file>
         <name>REVB_2802x_boot_rom_out_FS$$CMP_tmp.obj</name>
      </input_file>
      <input_file id="fl-37">
         <path>C:\ti\ccsv6\tools\compiler\c2000_15.12.3.LTS\lib\</path>
         <kind>archive</kind>
         <file>rts2800_ml.lib</file>
         <name>l_div.obj</name>
      </input_file>
      <input_file id="fl-38">
         <path>C:\ti\motorware\motorware_1_01_00_17\sw\modules\fast\lib\32b\f28x\f2802x\</path>
         <kind>archive</kind>
         <file>2802xRevB_Fast_ONLY_ROMSymbols.lib</file>
         <name>REVB_2802x_boot_rom_out__CTRL_initCtrl_tmp.obj</name>
      </input_file>
      <input_file id="fl-39">
         <path>C:\ti\motorware\motorware_1_01_00_17\sw\modules\fast\lib\32b\f28x\f2802x\</path>
         <kind>archive</kind>
         <file>2802xRevB_Fast_ONLY_ROMSymbols.lib</file>
         <name>REVB_2802x_boot_rom_out__EST_Angle_setParams_tmp.obj</name>
      </input_file>
      <input_file id="fl-3a">
         <path>C:\ti\motorware\motorware_1_01_00_17\sw\modules\fast\lib\32b\f28x\f2802x\</path>
         <kind>archive</kind>
         <file>2802xRevB_Fast_ONLY_ROMSymbols.lib</file>
         <name>REVB_2802x_boot_rom_out__EST_Dir_setParams_tmp.obj</name>
      </input_file>
      <input_file id="fl-3b">
         <path>C:\ti\motorware\motorware_1_01_00_17\sw\modules\fast\lib\32b\f28x\f2802x\</path>
         <kind>archive</kind>
         <file>2802xRevB_Fast_ONLY_ROMSymbols.lib</file>
         <name>REVB_2802x_boot_rom_out__EST_EPL_setParams_tmp.obj</name>
      </input_file>
      <input_file id="fl-3c">
         <path>C:\ti\motorware\motorware_1_01_00_17\sw\modules\fast\lib\32b\f28x\f2802x\</path>
         <kind>archive</kind>
         <file>2802xRevB_Fast_ONLY_ROMSymbols.lib</file>
         <name>REVB_2802x_boot_rom_out__EST_Flux_ab_setParams_tmp.obj</name>
      </input_file>
      <input_file id="fl-3d">
         <path>C:\ti\motorware\motorware_1_01_00_17\sw\modules\fast\lib\32b\f28x\f2802x\</path>
         <kind>archive</kind>
         <file>2802xRevB_Fast_ONLY_ROMSymbols.lib</file>
         <name>REVB_2802x_boot_rom_out__EST_Flux_computeOneOverFlux_qFmt_tmp.obj</name>
      </input_file>
      <input_file id="fl-3e">
         <path>C:\ti\motorware\motorware_1_01_00_17\sw\modules\fast\lib\32b\f28x\f2802x\</path>
         <kind>archive</kind>
         <file>2802xRevB_Fast_ONLY_ROMSymbols.lib</file>
         <name>REVB_2802x_boot_rom_out__EST_Flux_dq_setParams_tmp.obj</name>
      </input_file>
      <input_file id="fl-3f">
         <path>C:\ti\motorware\motorware_1_01_00_17\sw\modules\fast\lib\32b\f28x\f2802x\</path>
         <kind>archive</kind>
         <file>2802xRevB_Fast_ONLY_ROMSymbols.lib</file>
         <name>REVB_2802x_boot_rom_out__EST_Flux_getRatedFlux_pu_tmp.obj</name>
      </input_file>
      <input_file id="fl-40">
         <path>C:\ti\motorware\motorware_1_01_00_17\sw\modules\fast\lib\32b\f28x\f2802x\</path>
         <kind>archive</kind>
         <file>2802xRevB_Fast_ONLY_ROMSymbols.lib</file>
         <name>REVB_2802x_boot_rom_out__EST_Flux_setParams_tmp.obj</name>
      </input_file>
      <input_file id="fl-41">
         <path>C:\ti\motorware\motorware_1_01_00_17\sw\modules\fast\lib\32b\f28x\f2802x\</path>
         <kind>archive</kind>
         <file>2802xRevB_Fast_ONLY_ROMSymbols.lib</file>
         <name>REVB_2802x_boot_rom_out__EST_Flux_setWaitTimes_tmp.obj</name>
      </input_file>
      <input_file id="fl-42">
         <path>C:\ti\motorware\motorware_1_01_00_17\sw\modules\fast\lib\32b\f28x\f2802x\</path>
         <kind>archive</kind>
         <file>2802xRevB_Fast_ONLY_ROMSymbols.lib</file>
         <name>REVB_2802x_boot_rom_out__EST_Freq_setParams_tmp.obj</name>
      </input_file>
      <input_file id="fl-43">
         <path>C:\ti\motorware\motorware_1_01_00_17\sw\modules\fast\lib\32b\f28x\f2802x\</path>
         <kind>archive</kind>
         <file>2802xRevB_Fast_ONLY_ROMSymbols.lib</file>
         <name>REVB_2802x_boot_rom_out__EST_I_setParams_tmp.obj</name>
      </input_file>
      <input_file id="fl-44">
         <path>C:\ti\motorware\motorware_1_01_00_17\sw\modules\fast\lib\32b\f28x\f2802x\</path>
         <kind>archive</kind>
         <file>2802xRevB_Fast_ONLY_ROMSymbols.lib</file>
         <name>REVB_2802x_boot_rom_out__EST_Iab_setParams_tmp.obj</name>
      </input_file>
      <input_file id="fl-45">
         <path>C:\ti\motorware\motorware_1_01_00_17\sw\modules\fast\lib\32b\f28x\f2802x\</path>
         <kind>archive</kind>
         <file>2802xRevB_Fast_ONLY_ROMSymbols.lib</file>
         <name>REVB_2802x_boot_rom_out__EST_Idq_setParams_tmp.obj</name>
      </input_file>
      <input_file id="fl-46">
         <path>C:\ti\motorware\motorware_1_01_00_17\sw\modules\fast\lib\32b\f28x\f2802x\</path>
         <kind>archive</kind>
         <file>2802xRevB_Fast_ONLY_ROMSymbols.lib</file>
         <name>REVB_2802x_boot_rom_out__EST_Ls_getLs_d_tmp.obj</name>
      </input_file>
      <input_file id="fl-47">
         <path>C:\ti\motorware\motorware_1_01_00_17\sw\modules\fast\lib\32b\f28x\f2802x\</path>
         <kind>archive</kind>
         <file>2802xRevB_Fast_ONLY_ROMSymbols.lib</file>
         <name>REVB_2802x_boot_rom_out__EST_Ls_setLs_d_tmp.obj</name>
      </input_file>
      <input_file id="fl-48">
         <path>C:\ti\motorware\motorware_1_01_00_17\sw\modules\fast\lib\32b\f28x\f2802x\</path>
         <kind>archive</kind>
         <file>2802xRevB_Fast_ONLY_ROMSymbols.lib</file>
         <name>REVB_2802x_boot_rom_out__EST_Ls_setLs_q_tmp.obj</name>
      </input_file>
      <input_file id="fl-49">
         <path>C:\ti\motorware\motorware_1_01_00_17\sw\modules\fast\lib\32b\f28x\f2802x\</path>
         <kind>archive</kind>
         <file>2802xRevB_Fast_ONLY_ROMSymbols.lib</file>
         <name>REVB_2802x_boot_rom_out__EST_Ls_setParams_tmp.obj</name>
      </input_file>
      <input_file id="fl-4a">
         <path>C:\ti\motorware\motorware_1_01_00_17\sw\modules\fast\lib\32b\f28x\f2802x\</path>
         <kind>archive</kind>
         <file>2802xRevB_Fast_ONLY_ROMSymbols.lib</file>
         <name>REVB_2802x_boot_rom_out__EST_Ls_setWaitTimes_tmp.obj</name>
      </input_file>
      <input_file id="fl-4b">
         <path>C:\ti\motorware\motorware_1_01_00_17\sw\modules\fast\lib\32b\f28x\f2802x\</path>
         <kind>archive</kind>
         <file>2802xRevB_Fast_ONLY_ROMSymbols.lib</file>
         <name>REVB_2802x_boot_rom_out__EST_OneOverDcBus_setParams_tmp.obj</name>
      </input_file>
      <input_file id="fl-4c">
         <path>C:\ti\motorware\motorware_1_01_00_17\sw\modules\fast\lib\32b\f28x\f2802x\</path>
         <kind>archive</kind>
         <file>2802xRevB_Fast_ONLY_ROMSymbols.lib</file>
         <name>REVB_2802x_boot_rom_out__EST_Rr_setParams_tmp.obj</name>
      </input_file>
      <input_file id="fl-4d">
         <path>C:\ti\motorware\motorware_1_01_00_17\sw\modules\fast\lib\32b\f28x\f2802x\</path>
         <kind>archive</kind>
         <file>2802xRevB_Fast_ONLY_ROMSymbols.lib</file>
         <name>REVB_2802x_boot_rom_out__EST_Rr_setRr_tmp.obj</name>
      </input_file>
      <input_file id="fl-4e">
         <path>C:\ti\motorware\motorware_1_01_00_17\sw\modules\fast\lib\32b\f28x\f2802x\</path>
         <kind>archive</kind>
         <file>2802xRevB_Fast_ONLY_ROMSymbols.lib</file>
         <name>REVB_2802x_boot_rom_out__EST_RsOnLine_setFilterParams_tmp.obj</name>
      </input_file>
      <input_file id="fl-4f">
         <path>C:\ti\motorware\motorware_1_01_00_17\sw\modules\fast\lib\32b\f28x\f2802x\</path>
         <kind>archive</kind>
         <file>2802xRevB_Fast_ONLY_ROMSymbols.lib</file>
         <name>REVB_2802x_boot_rom_out__EST_RsOnLine_setParams_tmp.obj</name>
      </input_file>
      <input_file id="fl-50">
         <path>C:\ti\motorware\motorware_1_01_00_17\sw\modules\fast\lib\32b\f28x\f2802x\</path>
         <kind>archive</kind>
         <file>2802xRevB_Fast_ONLY_ROMSymbols.lib</file>
         <name>REVB_2802x_boot_rom_out__EST_Rs_getRs_tmp.obj</name>
      </input_file>
      <input_file id="fl-51">
         <path>C:\ti\motorware\motorware_1_01_00_17\sw\modules\fast\lib\32b\f28x\f2802x\</path>
         <kind>archive</kind>
         <file>2802xRevB_Fast_ONLY_ROMSymbols.lib</file>
         <name>REVB_2802x_boot_rom_out__EST_Rs_setParams_tmp.obj</name>
      </input_file>
      <input_file id="fl-52">
         <path>C:\ti\motorware\motorware_1_01_00_17\sw\modules\fast\lib\32b\f28x\f2802x\</path>
         <kind>archive</kind>
         <file>2802xRevB_Fast_ONLY_ROMSymbols.lib</file>
         <name>REVB_2802x_boot_rom_out__EST_Rs_setRs_tmp.obj</name>
      </input_file>
      <input_file id="fl-53">
         <path>C:\ti\motorware\motorware_1_01_00_17\sw\modules\fast\lib\32b\f28x\f2802x\</path>
         <kind>archive</kind>
         <file>2802xRevB_Fast_ONLY_ROMSymbols.lib</file>
         <name>REVB_2802x_boot_rom_out__EST_Rs_setWaitTimes_tmp.obj</name>
      </input_file>
      <input_file id="fl-54">
         <path>C:\ti\motorware\motorware_1_01_00_17\sw\modules\fast\lib\32b\f28x\f2802x\</path>
         <kind>archive</kind>
         <file>2802xRevB_Fast_ONLY_ROMSymbols.lib</file>
         <name>REVB_2802x_boot_rom_out__EST_TRAJ_setParams_tmp.obj</name>
      </input_file>
      <input_file id="fl-55">
         <path>C:\ti\motorware\motorware_1_01_00_17\sw\modules\fast\lib\32b\f28x\f2802x\</path>
         <kind>archive</kind>
         <file>2802xRevB_Fast_ONLY_ROMSymbols.lib</file>
         <name>REVB_2802x_boot_rom_out__EST_Vab_setParams_tmp.obj</name>
      </input_file>
      <input_file id="fl-56">
         <path>C:\ti\motorware\motorware_1_01_00_17\sw\modules\fast\lib\32b\f28x\f2802x\</path>
         <kind>archive</kind>
         <file>2802xRevB_Fast_ONLY_ROMSymbols.lib</file>
         <name>REVB_2802x_boot_rom_out__EST_Vback_ab_setParams_tmp.obj</name>
      </input_file>
      <input_file id="fl-57">
         <path>C:\ti\motorware\motorware_1_01_00_17\sw\modules\fast\lib\32b\f28x\f2802x\</path>
         <kind>archive</kind>
         <file>2802xRevB_Fast_ONLY_ROMSymbols.lib</file>
         <name>REVB_2802x_boot_rom_out__EST_Vback_dq_setParams_tmp.obj</name>
      </input_file>
      <input_file id="fl-58">
         <path>C:\ti\motorware\motorware_1_01_00_17\sw\modules\fast\lib\32b\f28x\f2802x\</path>
         <kind>archive</kind>
         <file>2802xRevB_Fast_ONLY_ROMSymbols.lib</file>
         <name>REVB_2802x_boot_rom_out__EST_Vdq_setParams_tmp.obj</name>
      </input_file>
      <input_file id="fl-59">
         <path>C:\ti\motorware\motorware_1_01_00_17\sw\modules\fast\lib\32b\f28x\f2802x\</path>
         <kind>archive</kind>
         <file>2802xRevB_Fast_ONLY_ROMSymbols.lib</file>
         <name>REVB_2802x_boot_rom_out__EST_computeDirection_qFmt_tmp.obj</name>
      </input_file>
      <input_file id="fl-5a">
         <path>C:\ti\motorware\motorware_1_01_00_17\sw\modules\fast\lib\32b\f28x\f2802x\</path>
         <kind>archive</kind>
         <file>2802xRevB_Fast_ONLY_ROMSymbols.lib</file>
         <name>REVB_2802x_boot_rom_out__EST_computeL_tmp.obj</name>
      </input_file>
      <input_file id="fl-5b">
         <path>C:\ti\motorware\motorware_1_01_00_17\sw\modules\fast\lib\32b\f28x\f2802x\</path>
         <kind>archive</kind>
         <file>2802xRevB_Fast_ONLY_ROMSymbols.lib</file>
         <name>REVB_2802x_boot_rom_out__EST_computeR_tmp.obj</name>
      </input_file>
      <input_file id="fl-5c">
         <path>C:\ti\motorware\motorware_1_01_00_17\sw\modules\fast\lib\32b\f28x\f2802x\</path>
         <kind>archive</kind>
         <file>2802xRevB_Fast_ONLY_ROMSymbols.lib</file>
         <name>REVB_2802x_boot_rom_out__EST_doCurrentCtrl_tmp.obj</name>
      </input_file>
      <input_file id="fl-5d">
         <path>C:\ti\motorware\motorware_1_01_00_17\sw\modules\fast\lib\32b\f28x\f2802x\</path>
         <kind>archive</kind>
         <file>2802xRevB_Fast_ONLY_ROMSymbols.lib</file>
         <name>REVB_2802x_boot_rom_out__EST_doSpeedCtrl_tmp.obj</name>
      </input_file>
      <input_file id="fl-5e">
         <path>C:\ti\motorware\motorware_1_01_00_17\sw\modules\fast\lib\32b\f28x\f2802x\</path>
         <kind>archive</kind>
         <file>2802xRevB_Fast_ONLY_ROMSymbols.lib</file>
         <name>REVB_2802x_boot_rom_out__EST_getAngle_pu_tmp.obj</name>
      </input_file>
      <input_file id="fl-5f">
         <path>C:\ti\motorware\motorware_1_01_00_17\sw\modules\fast\lib\32b\f28x\f2802x\</path>
         <kind>archive</kind>
         <file>2802xRevB_Fast_ONLY_ROMSymbols.lib</file>
         <name>REVB_2802x_boot_rom_out__EST_getFlux_VpHz_tmp.obj</name>
      </input_file>
      <input_file id="fl-60">
         <path>C:\ti\motorware\motorware_1_01_00_17\sw\modules\fast\lib\32b\f28x\f2802x\</path>
         <kind>archive</kind>
         <file>2802xRevB_Fast_ONLY_ROMSymbols.lib</file>
         <name>REVB_2802x_boot_rom_out__EST_getFlux_pu_tmp.obj</name>
      </input_file>
      <input_file id="fl-61">
         <path>C:\ti\motorware\motorware_1_01_00_17\sw\modules\fast\lib\32b\f28x\f2802x\</path>
         <kind>archive</kind>
         <file>2802xRevB_Fast_ONLY_ROMSymbols.lib</file>
         <name>REVB_2802x_boot_rom_out__EST_getFm_pu_tmp.obj</name>
      </input_file>
      <input_file id="fl-62">
         <path>C:\ti\motorware\motorware_1_01_00_17\sw\modules\fast\lib\32b\f28x\f2802x\</path>
         <kind>archive</kind>
         <file>2802xRevB_Fast_ONLY_ROMSymbols.lib</file>
         <name>REVB_2802x_boot_rom_out__EST_getFullScaleCurrent_tmp.obj</name>
      </input_file>
      <input_file id="fl-63">
         <path>C:\ti\motorware\motorware_1_01_00_17\sw\modules\fast\lib\32b\f28x\f2802x\</path>
         <kind>archive</kind>
         <file>2802xRevB_Fast_ONLY_ROMSymbols.lib</file>
         <name>REVB_2802x_boot_rom_out__EST_getFullScaleFlux_tmp.obj</name>
      </input_file>
      <input_file id="fl-64">
         <path>C:\ti\motorware\motorware_1_01_00_17\sw\modules\fast\lib\32b\f28x\f2802x\</path>
         <kind>archive</kind>
         <file>2802xRevB_Fast_ONLY_ROMSymbols.lib</file>
         <name>REVB_2802x_boot_rom_out__EST_getFullScaleFreq_tmp.obj</name>
      </input_file>
      <input_file id="fl-65">
         <path>C:\ti\motorware\motorware_1_01_00_17\sw\modules\fast\lib\32b\f28x\f2802x\</path>
         <kind>archive</kind>
         <file>2802xRevB_Fast_ONLY_ROMSymbols.lib</file>
         <name>REVB_2802x_boot_rom_out__EST_getFullScaleInductance_tmp.obj</name>
      </input_file>
      <input_file id="fl-66">
         <path>C:\ti\motorware\motorware_1_01_00_17\sw\modules\fast\lib\32b\f28x\f2802x\</path>
         <kind>archive</kind>
         <file>2802xRevB_Fast_ONLY_ROMSymbols.lib</file>
         <name>REVB_2802x_boot_rom_out__EST_getFullScaleVoltage_tmp.obj</name>
      </input_file>
      <input_file id="fl-67">
         <path>C:\ti\motorware\motorware_1_01_00_17\sw\modules\fast\lib\32b\f28x\f2802x\</path>
         <kind>archive</kind>
         <file>2802xRevB_Fast_ONLY_ROMSymbols.lib</file>
         <name>REVB_2802x_boot_rom_out__EST_getIdRated_tmp.obj</name>
      </input_file>
      <input_file id="fl-68">
         <path>C:\ti\motorware\motorware_1_01_00_17\sw\modules\fast\lib\32b\f28x\f2802x\</path>
         <kind>archive</kind>
         <file>2802xRevB_Fast_ONLY_ROMSymbols.lib</file>
         <name>REVB_2802x_boot_rom_out__EST_getLs_coarse_max_pu_tmp.obj</name>
      </input_file>
      <input_file id="fl-69">
         <path>C:\ti\motorware\motorware_1_01_00_17\sw\modules\fast\lib\32b\f28x\f2802x\</path>
         <kind>archive</kind>
         <file>2802xRevB_Fast_ONLY_ROMSymbols.lib</file>
         <name>REVB_2802x_boot_rom_out__EST_getLs_d_H_tmp.obj</name>
      </input_file>
      <input_file id="fl-6a">
         <path>C:\ti\motorware\motorware_1_01_00_17\sw\modules\fast\lib\32b\f28x\f2802x\</path>
         <kind>archive</kind>
         <file>2802xRevB_Fast_ONLY_ROMSymbols.lib</file>
         <name>REVB_2802x_boot_rom_out__EST_getLs_d_pu_tmp.obj</name>
      </input_file>
      <input_file id="fl-6b">
         <path>C:\ti\motorware\motorware_1_01_00_17\sw\modules\fast\lib\32b\f28x\f2802x\</path>
         <kind>archive</kind>
         <file>2802xRevB_Fast_ONLY_ROMSymbols.lib</file>
         <name>REVB_2802x_boot_rom_out__EST_getLs_qFmt_tmp.obj</name>
      </input_file>
      <input_file id="fl-6c">
         <path>C:\ti\motorware\motorware_1_01_00_17\sw\modules\fast\lib\32b\f28x\f2802x\</path>
         <kind>archive</kind>
         <file>2802xRevB_Fast_ONLY_ROMSymbols.lib</file>
         <name>REVB_2802x_boot_rom_out__EST_getLs_q_H_tmp.obj</name>
      </input_file>
      <input_file id="fl-6d">
         <path>C:\ti\motorware\motorware_1_01_00_17\sw\modules\fast\lib\32b\f28x\f2802x\</path>
         <kind>archive</kind>
         <file>2802xRevB_Fast_ONLY_ROMSymbols.lib</file>
         <name>REVB_2802x_boot_rom_out__EST_getLs_q_pu_tmp.obj</name>
      </input_file>
      <input_file id="fl-6e">
         <path>C:\ti\motorware\motorware_1_01_00_17\sw\modules\fast\lib\32b\f28x\f2802x\</path>
         <kind>archive</kind>
         <file>2802xRevB_Fast_ONLY_ROMSymbols.lib</file>
         <name>REVB_2802x_boot_rom_out__EST_getMaxCurrentSlope_pu_tmp.obj</name>
      </input_file>
      <input_file id="fl-6f">
         <path>C:\ti\motorware\motorware_1_01_00_17\sw\modules\fast\lib\32b\f28x\f2802x\</path>
         <kind>archive</kind>
         <file>2802xRevB_Fast_ONLY_ROMSymbols.lib</file>
         <name>REVB_2802x_boot_rom_out__EST_getOneOverDcBus_pu_tmp.obj</name>
      </input_file>
      <input_file id="fl-70">
         <path>C:\ti\motorware\motorware_1_01_00_17\sw\modules\fast\lib\32b\f28x\f2802x\</path>
         <kind>archive</kind>
         <file>2802xRevB_Fast_ONLY_ROMSymbols.lib</file>
         <name>REVB_2802x_boot_rom_out__EST_getRr_Ohm_tmp.obj</name>
      </input_file>
      <input_file id="fl-71">
         <path>C:\ti\motorware\motorware_1_01_00_17\sw\modules\fast\lib\32b\f28x\f2802x\</path>
         <kind>archive</kind>
         <file>2802xRevB_Fast_ONLY_ROMSymbols.lib</file>
         <name>REVB_2802x_boot_rom_out__EST_getRs_Ohm_tmp.obj</name>
      </input_file>
      <input_file id="fl-72">
         <path>C:\ti\motorware\motorware_1_01_00_17\sw\modules\fast\lib\32b\f28x\f2802x\</path>
         <kind>archive</kind>
         <file>2802xRevB_Fast_ONLY_ROMSymbols.lib</file>
         <name>REVB_2802x_boot_rom_out__EST_getSpeed_krpm_tmp.obj</name>
      </input_file>
      <input_file id="fl-73">
         <path>C:\ti\motorware\motorware_1_01_00_17\sw\modules\fast\lib\32b\f28x\f2802x\</path>
         <kind>archive</kind>
         <file>2802xRevB_Fast_ONLY_ROMSymbols.lib</file>
         <name>REVB_2802x_boot_rom_out__EST_getState_tmp.obj</name>
      </input_file>
      <input_file id="fl-74">
         <path>C:\ti\motorware\motorware_1_01_00_17\sw\modules\fast\lib\32b\f28x\f2802x\</path>
         <kind>archive</kind>
         <file>2802xRevB_Fast_ONLY_ROMSymbols.lib</file>
         <name>REVB_2802x_boot_rom_out__EST_get_krpm_to_pu_sf_tmp.obj</name>
      </input_file>
      <input_file id="fl-75">
         <path>C:\ti\motorware\motorware_1_01_00_17\sw\modules\fast\lib\32b\f28x\f2802x\</path>
         <kind>archive</kind>
         <file>2802xRevB_Fast_ONLY_ROMSymbols.lib</file>
         <name>REVB_2802x_boot_rom_out__EST_get_pu_to_krpm_sf_tmp.obj</name>
      </input_file>
      <input_file id="fl-76">
         <path>C:\ti\motorware\motorware_1_01_00_17\sw\modules\fast\lib\32b\f28x\f2802x\</path>
         <kind>archive</kind>
         <file>2802xRevB_Fast_ONLY_ROMSymbols.lib</file>
         <name>REVB_2802x_boot_rom_out__EST_isError_tmp.obj</name>
      </input_file>
      <input_file id="fl-77">
         <path>C:\ti\motorware\motorware_1_01_00_17\sw\modules\fast\lib\32b\f28x\f2802x\</path>
         <kind>archive</kind>
         <file>2802xRevB_Fast_ONLY_ROMSymbols.lib</file>
         <name>REVB_2802x_boot_rom_out__EST_isIdle_tmp.obj</name>
      </input_file>
      <input_file id="fl-78">
         <path>C:\ti\motorware\motorware_1_01_00_17\sw\modules\fast\lib\32b\f28x\f2802x\</path>
         <kind>archive</kind>
         <file>2802xRevB_Fast_ONLY_ROMSymbols.lib</file>
         <name>REVB_2802x_boot_rom_out__EST_isLockRotor_tmp.obj</name>
      </input_file>
      <input_file id="fl-79">
         <path>C:\ti\motorware\motorware_1_01_00_17\sw\modules\fast\lib\32b\f28x\f2802x\</path>
         <kind>archive</kind>
         <file>2802xRevB_Fast_ONLY_ROMSymbols.lib</file>
         <name>REVB_2802x_boot_rom_out__EST_isMotorIdentified_tmp.obj</name>
      </input_file>
      <input_file id="fl-7a">
         <path>C:\ti\motorware\motorware_1_01_00_17\sw\modules\fast\lib\32b\f28x\f2802x\</path>
         <kind>archive</kind>
         <file>2802xRevB_Fast_ONLY_ROMSymbols.lib</file>
         <name>REVB_2802x_boot_rom_out__EST_isOnLine_tmp.obj</name>
      </input_file>
      <input_file id="fl-7b">
         <path>C:\ti\motorware\motorware_1_01_00_17\sw\modules\fast\lib\32b\f28x\f2802x\</path>
         <kind>archive</kind>
         <file>2802xRevB_Fast_ONLY_ROMSymbols.lib</file>
         <name>REVB_2802x_boot_rom_out__EST_resetCounter_ctrl_tmp.obj</name>
      </input_file>
      <input_file id="fl-7c">
         <path>C:\ti\motorware\motorware_1_01_00_17\sw\modules\fast\lib\32b\f28x\f2802x\</path>
         <kind>archive</kind>
         <file>2802xRevB_Fast_ONLY_ROMSymbols.lib</file>
         <name>REVB_2802x_boot_rom_out__EST_resetCounter_state_tmp.obj</name>
      </input_file>
      <input_file id="fl-7d">
         <path>C:\ti\motorware\motorware_1_01_00_17\sw\modules\fast\lib\32b\f28x\f2802x\</path>
         <kind>archive</kind>
         <file>2802xRevB_Fast_ONLY_ROMSymbols.lib</file>
         <name>REVB_2802x_boot_rom_out__EST_run_tmp.obj</name>
      </input_file>
      <input_file id="fl-7e">
         <path>C:\ti\motorware\motorware_1_01_00_17\sw\modules\fast\lib\32b\f28x\f2802x\</path>
         <kind>archive</kind>
         <file>2802xRevB_Fast_ONLY_ROMSymbols.lib</file>
         <name>REVB_2802x_boot_rom_out__EST_setDir_qFmt_tmp.obj</name>
      </input_file>
      <input_file id="fl-7f">
         <path>C:\ti\motorware\motorware_1_01_00_17\sw\modules\fast\lib\32b\f28x\f2802x\</path>
         <kind>archive</kind>
         <file>2802xRevB_Fast_ONLY_ROMSymbols.lib</file>
         <name>REVB_2802x_boot_rom_out__EST_setFe_neg_max_pu_tmp.obj</name>
      </input_file>
      <input_file id="fl-80">
         <path>C:\ti\motorware\motorware_1_01_00_17\sw\modules\fast\lib\32b\f28x\f2802x\</path>
         <kind>archive</kind>
         <file>2802xRevB_Fast_ONLY_ROMSymbols.lib</file>
         <name>REVB_2802x_boot_rom_out__EST_setFe_pos_min_pu_tmp.obj</name>
      </input_file>
      <input_file id="fl-81">
         <path>C:\ti\motorware\motorware_1_01_00_17\sw\modules\fast\lib\32b\f28x\f2802x\</path>
         <kind>archive</kind>
         <file>2802xRevB_Fast_ONLY_ROMSymbols.lib</file>
         <name>REVB_2802x_boot_rom_out__EST_setFlag_enableFluxControl_tmp.obj</name>
      </input_file>
      <input_file id="fl-82">
         <path>C:\ti\motorware\motorware_1_01_00_17\sw\modules\fast\lib\32b\f28x\f2802x\</path>
         <kind>archive</kind>
         <file>2802xRevB_Fast_ONLY_ROMSymbols.lib</file>
         <name>REVB_2802x_boot_rom_out__EST_setFlag_enableForceAngle_tmp.obj</name>
      </input_file>
      <input_file id="fl-83">
         <path>C:\ti\motorware\motorware_1_01_00_17\sw\modules\fast\lib\32b\f28x\f2802x\</path>
         <kind>archive</kind>
         <file>2802xRevB_Fast_ONLY_ROMSymbols.lib</file>
         <name>REVB_2802x_boot_rom_out__EST_setFlag_enableRsOnLine_tmp.obj</name>
      </input_file>
      <input_file id="fl-84">
         <path>C:\ti\motorware\motorware_1_01_00_17\sw\modules\fast\lib\32b\f28x\f2802x\</path>
         <kind>archive</kind>
         <file>2802xRevB_Fast_ONLY_ROMSymbols.lib</file>
         <name>REVB_2802x_boot_rom_out__EST_setFlag_enableRsRecalc_tmp.obj</name>
      </input_file>
      <input_file id="fl-85">
         <path>C:\ti\motorware\motorware_1_01_00_17\sw\modules\fast\lib\32b\f28x\f2802x\</path>
         <kind>archive</kind>
         <file>2802xRevB_Fast_ONLY_ROMSymbols.lib</file>
         <name>REVB_2802x_boot_rom_out__EST_setFlag_estComplete_tmp.obj</name>
      </input_file>
      <input_file id="fl-86">
         <path>C:\ti\motorware\motorware_1_01_00_17\sw\modules\fast\lib\32b\f28x\f2802x\</path>
         <kind>archive</kind>
         <file>2802xRevB_Fast_ONLY_ROMSymbols.lib</file>
         <name>REVB_2802x_boot_rom_out__EST_setFlag_updateRs_tmp.obj</name>
      </input_file>
      <input_file id="fl-87">
         <path>C:\ti\motorware\motorware_1_01_00_17\sw\modules\fast\lib\32b\f28x\f2802x\</path>
         <kind>archive</kind>
         <file>2802xRevB_Fast_ONLY_ROMSymbols.lib</file>
         <name>REVB_2802x_boot_rom_out__EST_setFullScaleCurrent_tmp.obj</name>
      </input_file>
      <input_file id="fl-88">
         <path>C:\ti\motorware\motorware_1_01_00_17\sw\modules\fast\lib\32b\f28x\f2802x\</path>
         <kind>archive</kind>
         <file>2802xRevB_Fast_ONLY_ROMSymbols.lib</file>
         <name>REVB_2802x_boot_rom_out__EST_setFullScaleFreq_tmp.obj</name>
      </input_file>
      <input_file id="fl-89">
         <path>C:\ti\motorware\motorware_1_01_00_17\sw\modules\fast\lib\32b\f28x\f2802x\</path>
         <kind>archive</kind>
         <file>2802xRevB_Fast_ONLY_ROMSymbols.lib</file>
         <name>REVB_2802x_boot_rom_out__EST_setFullScaleResistance_tmp.obj</name>
      </input_file>
      <input_file id="fl-8a">
         <path>C:\ti\motorware\motorware_1_01_00_17\sw\modules\fast\lib\32b\f28x\f2802x\</path>
         <kind>archive</kind>
         <file>2802xRevB_Fast_ONLY_ROMSymbols.lib</file>
         <name>REVB_2802x_boot_rom_out__EST_setFullScaleVoltage_tmp.obj</name>
      </input_file>
      <input_file id="fl-8b">
         <path>C:\ti\motorware\motorware_1_01_00_17\sw\modules\fast\lib\32b\f28x\f2802x\</path>
         <kind>archive</kind>
         <file>2802xRevB_Fast_ONLY_ROMSymbols.lib</file>
         <name>REVB_2802x_boot_rom_out__EST_setIdRated_pu_tmp.obj</name>
      </input_file>
      <input_file id="fl-8c">
         <path>C:\ti\motorware\motorware_1_01_00_17\sw\modules\fast\lib\32b\f28x\f2802x\</path>
         <kind>archive</kind>
         <file>2802xRevB_Fast_ONLY_ROMSymbols.lib</file>
         <name>REVB_2802x_boot_rom_out__EST_setId_ref_pu_tmp.obj</name>
      </input_file>
      <input_file id="fl-8d">
         <path>C:\ti\motorware\motorware_1_01_00_17\sw\modules\fast\lib\32b\f28x\f2802x\</path>
         <kind>archive</kind>
         <file>2802xRevB_Fast_ONLY_ROMSymbols.lib</file>
         <name>REVB_2802x_boot_rom_out__EST_setIdle_tmp.obj</name>
      </input_file>
      <input_file id="fl-8e">
         <path>C:\ti\motorware\motorware_1_01_00_17\sw\modules\fast\lib\32b\f28x\f2802x\</path>
         <kind>archive</kind>
         <file>2802xRevB_Fast_ONLY_ROMSymbols.lib</file>
         <name>REVB_2802x_boot_rom_out__EST_setIdle_all_tmp.obj</name>
      </input_file>
      <input_file id="fl-8f">
         <path>C:\ti\motorware\motorware_1_01_00_17\sw\modules\fast\lib\32b\f28x\f2802x\</path>
         <kind>archive</kind>
         <file>2802xRevB_Fast_ONLY_ROMSymbols.lib</file>
         <name>REVB_2802x_boot_rom_out__EST_setIq_ref_pu_tmp.obj</name>
      </input_file>
      <input_file id="fl-90">
         <path>C:\ti\motorware\motorware_1_01_00_17\sw\modules\fast\lib\32b\f28x\f2802x\</path>
         <kind>archive</kind>
         <file>2802xRevB_Fast_ONLY_ROMSymbols.lib</file>
         <name>REVB_2802x_boot_rom_out__EST_setLs_d_pu_tmp.obj</name>
      </input_file>
      <input_file id="fl-91">
         <path>C:\ti\motorware\motorware_1_01_00_17\sw\modules\fast\lib\32b\f28x\f2802x\</path>
         <kind>archive</kind>
         <file>2802xRevB_Fast_ONLY_ROMSymbols.lib</file>
         <name>REVB_2802x_boot_rom_out__EST_setLs_qFmt_tmp.obj</name>
      </input_file>
      <input_file id="fl-92">
         <path>C:\ti\motorware\motorware_1_01_00_17\sw\modules\fast\lib\32b\f28x\f2802x\</path>
         <kind>archive</kind>
         <file>2802xRevB_Fast_ONLY_ROMSymbols.lib</file>
         <name>REVB_2802x_boot_rom_out__EST_setLs_q_pu_tmp.obj</name>
      </input_file>
      <input_file id="fl-93">
         <path>C:\ti\motorware\motorware_1_01_00_17\sw\modules\fast\lib\32b\f28x\f2802x\</path>
         <kind>archive</kind>
         <file>2802xRevB_Fast_ONLY_ROMSymbols.lib</file>
         <name>REVB_2802x_boot_rom_out__EST_setMaxCurrentSlope_pu_tmp.obj</name>
      </input_file>
      <input_file id="fl-94">
         <path>C:\ti\motorware\motorware_1_01_00_17\sw\modules\fast\lib\32b\f28x\f2802x\</path>
         <kind>archive</kind>
         <file>2802xRevB_Fast_ONLY_ROMSymbols.lib</file>
         <name>REVB_2802x_boot_rom_out__EST_setMotorParams_tmp.obj</name>
      </input_file>
      <input_file id="fl-95">
         <path>C:\ti\motorware\motorware_1_01_00_17\sw\modules\fast\lib\32b\f28x\f2802x\</path>
         <kind>archive</kind>
         <file>2802xRevB_Fast_ONLY_ROMSymbols.lib</file>
         <name>REVB_2802x_boot_rom_out__EST_setRs_pu_tmp.obj</name>
      </input_file>
      <input_file id="fl-96">
         <path>C:\ti\motorware\motorware_1_01_00_17\sw\modules\fast\lib\32b\f28x\f2802x\</path>
         <kind>archive</kind>
         <file>2802xRevB_Fast_ONLY_ROMSymbols.lib</file>
         <name>REVB_2802x_boot_rom_out__EST_setWaitTimes_tmp.obj</name>
      </input_file>
      <input_file id="fl-97">
         <path>C:\ti\motorware\motorware_1_01_00_17\sw\modules\fast\lib\32b\f28x\f2802x\</path>
         <kind>archive</kind>
         <file>2802xRevB_Fast_ONLY_ROMSymbols.lib</file>
         <name>REVB_2802x_boot_rom_out__EST_updateId_ref_pu_tmp.obj</name>
      </input_file>
      <input_file id="fl-98">
         <path>C:\ti\motorware\motorware_1_01_00_17\sw\modules\fast\lib\32b\f28x\f2802x\</path>
         <kind>archive</kind>
         <file>2802xRevB_Fast_ONLY_ROMSymbols.lib</file>
         <name>REVB_2802x_boot_rom_out__EST_updateState_tmp.obj</name>
      </input_file>
      <input_file id="fl-99">
         <path>C:\ti\motorware\motorware_1_01_00_17\sw\modules\fast\lib\32b\f28x\f2802x\</path>
         <kind>archive</kind>
         <file>2802xRevB_Fast_ONLY_ROMSymbols.lib</file>
         <name>REVB_2802x_boot_rom_out__EST_useZeroIq_ref_tmp.obj</name>
      </input_file>
      <input_file id="fl-9a">
         <path>C:\ti\motorware\motorware_1_01_00_17\sw\modules\fast\lib\32b\f28x\f2802x\</path>
         <kind>archive</kind>
         <file>2802xRevB_Fast_IQ_ROMSymbols.lib</file>
         <name>REVB_2802x_boot_rom_out___IQ24cosPU_tmp.obj</name>
      </input_file>
      <input_file id="fl-9b">
         <path>C:\ti\motorware\motorware_1_01_00_17\sw\modules\fast\lib\32b\f28x\f2802x\</path>
         <kind>archive</kind>
         <file>2802xRevB_Fast_IQ_ROMSymbols.lib</file>
         <name>REVB_2802x_boot_rom_out___IQ24rmpy_tmp.obj</name>
      </input_file>
      <input_file id="fl-9c">
         <path>C:\ti\motorware\motorware_1_01_00_17\sw\modules\fast\lib\32b\f28x\f2802x\</path>
         <kind>archive</kind>
         <file>2802xRevB_Fast_IQ_ROMSymbols.lib</file>
         <name>REVB_2802x_boot_rom_out___IQ24sinPU_tmp.obj</name>
      </input_file>
      <input_file id="fl-9d">
         <path>C:\ti\motorware\motorware_1_01_00_17\sw\modules\fast\lib\32b\f28x\f2802x\</path>
         <kind>archive</kind>
         <file>2802xRevB_Fast_IQ_ROMSymbols.lib</file>
         <name>REVB_2802x_boot_rom_out___IQ24sqrt_tmp.obj</name>
      </input_file>
      <input_file id="fl-9e">
         <path>C:\ti\motorware\motorware_1_01_00_17\sw\modules\fast\lib\32b\f28x\f2802x\</path>
         <kind>archive</kind>
         <file>2802xRevB_Fast_IQ_ROMSymbols.lib</file>
         <name>REVB_2802x_boot_rom_out___IQ29rsmpy_tmp.obj</name>
      </input_file>
      <input_file id="fl-9f">
         <path>C:\ti\motorware\motorware_1_01_00_17\sw\modules\fast\lib\32b\f28x\f2802x\</path>
         <kind>archive</kind>
         <file>2802xRevB_Fast_IQ_ROMSymbols.lib</file>
         <name>REVB_2802x_boot_rom_out___IQ30rsmpy_tmp.obj</name>
      </input_file>
      <input_file id="fl-a0">
         <path>C:\ti\motorware\motorware_1_01_00_17\sw\modules\fast\lib\32b\f28x\f2802x\</path>
         <kind>archive</kind>
         <file>2802xRevB_Fast_IQ_ROMSymbols.lib</file>
         <name>REVB_2802x_boot_rom_out___IQ30toF_tmp.obj</name>
      </input_file>
      <input_file id="fl-a1">
         <path>C:\ti\ccsv6\tools\compiler\c2000_15.12.3.LTS\lib\</path>
         <kind>archive</kind>
         <file>rts2800_ml.lib</file>
         <name>boot.obj</name>
      </input_file>
      <input_file id="fl-a2">
         <path>C:\ti\ccsv6\tools\compiler\c2000_15.12.3.LTS\lib\</path>
         <kind>archive</kind>
         <file>rts2800_ml.lib</file>
         <name>args_main.obj</name>
      </input_file>
      <input_file id="fl-a3">
         <path>C:\ti\ccsv6\tools\compiler\c2000_15.12.3.LTS\lib\</path>
         <kind>archive</kind>
         <file>rts2800_ml.lib</file>
         <name>startup.obj</name>
      </input_file>
      <input_file id="fl-a4">
         <path>C:\ti\ccsv6\tools\compiler\c2000_15.12.3.LTS\lib\</path>
         <kind>archive</kind>
         <file>rts2800_ml.lib</file>
         <name>pre_init.obj</name>
      </input_file>
      <input_file id="fl-a5">
         <path>C:\ti\ccsv6\tools\compiler\c2000_15.12.3.LTS\lib\</path>
         <kind>archive</kind>
         <file>rts2800_ml.lib</file>
         <name>s_ceilf.obj</name>
      </input_file>
      <input_file id="fl-a6">
         <path>C:\ti\ccsv6\tools\compiler\c2000_15.12.3.LTS\lib\</path>
         <kind>archive</kind>
         <file>rts2800_ml.lib</file>
         <name>cpy_tbl.obj</name>
      </input_file>
      <input_file id="fl-a7">
         <path>C:\ti\ccsv6\tools\compiler\c2000_15.12.3.LTS\lib\</path>
         <kind>archive</kind>
         <file>rts2800_ml.lib</file>
         <name>cpy_utils.obj</name>
      </input_file>
      <input_file id="fl-a8">
         <path>C:\ti\ccsv6\tools\compiler\c2000_15.12.3.LTS\lib\</path>
         <kind>archive</kind>
         <file>rts2800_ml.lib</file>
         <name>exit.obj</name>
      </input_file>
      <input_file id="fl-a9">
         <path>C:\ti\ccsv6\tools\compiler\c2000_15.12.3.LTS\lib\</path>
         <kind>archive</kind>
         <file>rts2800_ml.lib</file>
         <name>_lock.obj</name>
      </input_file>
      <input_file id="fl-aa">
         <path>C:\ti\motorware\motorware_1_01_00_17\sw\modules\fast\lib\32b\f28x\f2802x\</path>
         <kind>archive</kind>
         <file>2802xRevB_Fast_RTS_ROMSymbols.lib</file>
         <name>REVB_2802x_boot_rom_out__log_tmp.obj</name>
      </input_file>
      <input_file id="fl-ab">
         <path>C:\ti\motorware\motorware_1_01_00_17\sw\modules\fast\lib\32b\f28x\f2802x\</path>
         <kind>archive</kind>
         <file>2802xRevB_Fast_RTS_ROMSymbols.lib</file>
         <name>REVB_2802x_boot_rom_out__pow_tmp.obj</name>
      </input_file>
   </input_file_list>
   <object_component_list>
      <object_component id="oc-f6">
         <name>.cinit</name>
         <load_address>0x3f3a66</load_address>
         <run_address>0x3f3a66</run_address>
         <size>0xb3</size>
         <input_file_ref idref="fl-1b"/>
      </object_component>
      <object_component id="oc-164">
         <name>.cinit</name>
         <load_address>0x3f3b19</load_address>
         <run_address>0x3f3b19</run_address>
         <size>0xe</size>
         <input_file_ref idref="fl-a8"/>
      </object_component>
      <object_component id="oc-183">
         <name>.cinit:__lock</name>
         <load_address>0x3f3b27</load_address>
         <run_address>0x3f3b27</run_address>
         <size>0x5</size>
         <input_file_ref idref="fl-a9"/>
      </object_component>
      <object_component id="oc-194">
         <name>.cinit:__unlock</name>
         <load_address>0x3f3b2c</load_address>
         <run_address>0x3f3b2c</run_address>
         <size>0x5</size>
         <input_file_ref idref="fl-a9"/>
      </object_component>
      <object_component id="oc-b0">
         <name>.cinit</name>
         <load_address>0x3f3b31</load_address>
         <run_address>0x3f3b31</run_address>
         <size>0x4</size>
         <input_file_ref idref="fl-e"/>
      </object_component>
      <object_component id="oc-136">
         <name>.text</name>
         <load_address>0x3f0630</load_address>
         <run_address>0x3f0630</run_address>
         <size>0xe94</size>
         <input_file_ref idref="fl-35"/>
      </object_component>
      <object_component id="oc-17a">
         <name>.text</name>
         <load_address>0x3f14c4</load_address>
         <run_address>0x3f14c4</run_address>
         <size>0x8e2</size>
         <input_file_ref idref="fl-12"/>
      </object_component>
      <object_component id="oc-171">
         <name>.text</name>
         <load_address>0x3f1da6</load_address>
         <run_address>0x3f1da6</run_address>
         <size>0x466</size>
         <input_file_ref idref="fl-1b"/>
      </object_component>
      <object_component id="oc-172">
         <name>.text</name>
         <load_address>0x3f220c</load_address>
         <run_address>0x3f220c</run_address>
         <size>0x463</size>
         <input_file_ref idref="fl-d"/>
      </object_component>
      <object_component id="oc-17b">
         <name>.text</name>
         <load_address>0x3f266f</load_address>
         <run_address>0x3f266f</run_address>
         <size>0x430</size>
         <input_file_ref idref="fl-23"/>
      </object_component>
      <object_component id="oc-187">
         <name>.text</name>
         <load_address>0x3f2a9f</load_address>
         <run_address>0x3f2a9f</run_address>
         <size>0x2f6</size>
         <input_file_ref idref="fl-1c"/>
      </object_component>
      <object_component id="oc-184">
         <name>.text</name>
         <load_address>0x3f2d95</load_address>
         <run_address>0x3f2d95</run_address>
         <size>0x2d1</size>
         <input_file_ref idref="fl-e"/>
      </object_component>
      <object_component id="oc-18b">
         <name>.text</name>
         <load_address>0x3f3066</load_address>
         <run_address>0x3f3066</run_address>
         <size>0x1f5</size>
         <input_file_ref idref="fl-9"/>
      </object_component>
      <object_component id="oc-16f">
         <name>.text</name>
         <load_address>0x3f325b</load_address>
         <run_address>0x3f325b</run_address>
         <size>0x155</size>
         <input_file_ref idref="fl-11"/>
      </object_component>
      <object_component id="oc-188">
         <name>.text</name>
         <load_address>0x3f33b0</load_address>
         <run_address>0x3f33b0</run_address>
         <size>0x12b</size>
         <input_file_ref idref="fl-b"/>
      </object_component>
      <object_component id="oc-18a">
         <name>.text</name>
         <load_address>0x3f34db</load_address>
         <run_address>0x3f34db</run_address>
         <size>0xff</size>
         <input_file_ref idref="fl-19"/>
      </object_component>
      <object_component id="oc-186">
         <name>.text</name>
         <load_address>0x3f35da</load_address>
         <run_address>0x3f35da</run_address>
         <size>0xa9</size>
         <input_file_ref idref="fl-1e"/>
      </object_component>
      <object_component id="oc-178">
         <name>.text</name>
         <load_address>0x3f3683</load_address>
         <run_address>0x3f3683</run_address>
         <size>0x6b</size>
         <input_file_ref idref="fl-a5"/>
      </object_component>
      <object_component id="oc-189">
         <name>.text</name>
         <load_address>0x3f36ee</load_address>
         <run_address>0x3f36ee</run_address>
         <size>0x5b</size>
         <input_file_ref idref="fl-1a"/>
      </object_component>
      <object_component id="oc-13d">
         <name>.text</name>
         <load_address>0x3f3749</load_address>
         <run_address>0x3f3749</run_address>
         <size>0x54</size>
         <input_file_ref idref="fl-a1"/>
      </object_component>
      <object_component id="oc-18d">
         <name>.text</name>
         <load_address>0x3f379d</load_address>
         <run_address>0x3f379d</run_address>
         <size>0x47</size>
         <input_file_ref idref="fl-15"/>
      </object_component>
      <object_component id="oc-174">
         <name>.text</name>
         <load_address>0x3f37e4</load_address>
         <run_address>0x3f37e4</run_address>
         <size>0x46</size>
         <input_file_ref idref="fl-a6"/>
      </object_component>
      <object_component id="oc-190">
         <name>.text</name>
         <load_address>0x3f382a</load_address>
         <run_address>0x3f382a</run_address>
         <size>0x46</size>
         <input_file_ref idref="fl-24"/>
      </object_component>
      <object_component id="oc-192">
         <name>.text</name>
         <load_address>0x3f3870</load_address>
         <run_address>0x3f3870</run_address>
         <size>0x44</size>
         <input_file_ref idref="fl-1d"/>
      </object_component>
      <object_component id="oc-185">
         <name>.text</name>
         <load_address>0x3f38b4</load_address>
         <run_address>0x3f38b4</run_address>
         <size>0x32</size>
         <input_file_ref idref="fl-20"/>
      </object_component>
      <object_component id="oc-18c">
         <name>.text</name>
         <load_address>0x3f38e6</load_address>
         <run_address>0x3f38e6</run_address>
         <size>0x2d</size>
         <input_file_ref idref="fl-16"/>
      </object_component>
      <object_component id="oc-138">
         <name>.text</name>
         <load_address>0x3f3913</load_address>
         <run_address>0x3f3913</run_address>
         <size>0x2a</size>
         <input_file_ref idref="fl-37"/>
      </object_component>
      <object_component id="oc-177">
         <name>.text</name>
         <load_address>0x3f393d</load_address>
         <run_address>0x3f393d</run_address>
         <size>0x29</size>
         <input_file_ref idref="fl-a8"/>
      </object_component>
      <object_component id="oc-18e">
         <name>.text</name>
         <load_address>0x3f3966</load_address>
         <run_address>0x3f3966</run_address>
         <size>0x25</size>
         <input_file_ref idref="fl-c"/>
      </object_component>
      <object_component id="oc-195">
         <name>.text</name>
         <load_address>0x3f398b</load_address>
         <run_address>0x3f398b</run_address>
         <size>0x21</size>
         <input_file_ref idref="fl-f"/>
      </object_component>
      <object_component id="oc-131">
         <name>.text</name>
         <load_address>0x3f39ac</load_address>
         <run_address>0x3f39ac</run_address>
         <size>0x21</size>
         <input_file_ref idref="fl-31"/>
      </object_component>
      <object_component id="oc-191">
         <name>.text</name>
         <load_address>0x3f39cd</load_address>
         <run_address>0x3f39cd</run_address>
         <size>0x20</size>
         <input_file_ref idref="fl-10"/>
      </object_component>
      <object_component id="oc-12c">
         <name>.text</name>
         <load_address>0x3f39ed</load_address>
         <run_address>0x3f39ed</run_address>
         <size>0x1d</size>
         <input_file_ref idref="fl-30"/>
      </object_component>
      <object_component id="oc-15e">
         <name>.text</name>
         <load_address>0x3f3a0a</load_address>
         <run_address>0x3f3a0a</run_address>
         <size>0x1a</size>
         <input_file_ref idref="fl-a7"/>
      </object_component>
      <object_component id="oc-176">
         <name>.text</name>
         <load_address>0x3f3a24</load_address>
         <run_address>0x3f3a24</run_address>
         <size>0x19</size>
         <input_file_ref idref="fl-a2"/>
      </object_component>
      <object_component id="oc-179">
         <name>.text</name>
         <load_address>0x3f3a3d</load_address>
         <run_address>0x3f3a3d</run_address>
         <size>0x10</size>
         <input_file_ref idref="fl-14"/>
      </object_component>
      <object_component id="oc-193">
         <name>.text</name>
         <load_address>0x3f3a4d</load_address>
         <run_address>0x3f3a4d</run_address>
         <size>0x9</size>
         <input_file_ref idref="fl-a9"/>
      </object_component>
      <object_component id="oc-8f">
         <name>.text</name>
         <load_address>0x3f3a56</load_address>
         <run_address>0x3f3a56</run_address>
         <size>0x8</size>
         <input_file_ref idref="fl-8"/>
      </object_component>
      <object_component id="oc-eb">
         <name>.text:retain</name>
         <load_address>0x3f3a5e</load_address>
         <run_address>0x3f3a5e</run_address>
         <size>0x5</size>
         <input_file_ref idref="fl-19"/>
      </object_component>
      <object_component id="oc-173">
         <name>.text</name>
         <load_address>0x3f3a63</load_address>
         <run_address>0x3f3a63</run_address>
         <size>0x2</size>
         <input_file_ref idref="fl-a4"/>
      </object_component>
      <object_component id="oc-175">
         <name>.text</name>
         <load_address>0x3f3a65</load_address>
         <run_address>0x3f3a65</run_address>
         <size>0x1</size>
         <input_file_ref idref="fl-a3"/>
      </object_component>
      <object_component id="oc-17">
         <name>codestart</name>
         <load_address>0x3f7ff6</load_address>
         <run_address>0x3f7ff6</run_address>
         <size>0x2</size>
         <input_file_ref idref="fl-8"/>
      </object_component>
      <object_component id="oc-170">
         <name>ramfuncs</name>
         <load_address>0x3f0000</load_address>
         <run_address>0x8000</run_address>
         <size>0x513</size>
         <input_file_ref idref="fl-d"/>
      </object_component>
      <object_component id="oc-f8">
         <name>ramfuncs:retain</name>
         <load_address>0x3f0513</load_address>
         <run_address>0x8513</run_address>
         <size>0xc9</size>
         <input_file_ref idref="fl-1b"/>
      </object_component>
      <object_component id="oc-196">
         <name>ramfuncs</name>
         <load_address>0x3f05dc</load_address>
         <run_address>0x85dc</run_address>
         <size>0x32</size>
         <input_file_ref idref="fl-10"/>
      </object_component>
      <object_component id="oc-18f">
         <name>ramfuncs</name>
         <load_address>0x3f060e</load_address>
         <run_address>0x860e</run_address>
         <size>0x1e</size>
         <input_file_ref idref="fl-12"/>
      </object_component>
      <object_component id="oc-11c">
         <name>ramfuncs</name>
         <load_address>0x3f062c</load_address>
         <run_address>0x862c</run_address>
         <size>0x4</size>
         <input_file_ref idref="fl-22"/>
      </object_component>
      <object_component id="oc-13e">
         <name>.stack</name>
         <uninitialized>true</uninitialized>
         <run_address>0x296</run_address>
         <size>0x0</size>
         <input_file_ref idref="fl-a1"/>
      </object_component>
      <object_component id="oc-1b9">
         <name>.stack</name>
         <uninitialized>true</uninitialized>
         <run_address>0x296</run_address>
         <size>0x0</size>
      </object_component>
      <object_component id="oc-a4">
         <name>.ebss</name>
         <uninitialized>true</uninitialized>
         <run_address>0x294</run_address>
         <size>0x1</size>
         <input_file_ref idref="fl-c"/>
      </object_component>
      <object_component id="oc-b1">
         <name>.ebss</name>
         <uninitialized>true</uninitialized>
         <run_address>0x292</run_address>
         <size>0x2</size>
         <input_file_ref idref="fl-e"/>
      </object_component>
      <object_component id="oc-f7">
         <name>.ebss</name>
         <uninitialized>true</uninitialized>
         <run_address>0x0</run_address>
         <size>0x288</size>
         <input_file_ref idref="fl-1b"/>
      </object_component>
      <object_component id="oc-165">
         <name>.ebss</name>
         <uninitialized>true</uninitialized>
         <run_address>0x288</run_address>
         <size>0x6</size>
         <input_file_ref idref="fl-a8"/>
      </object_component>
      <object_component id="oc-197">
         <name>.ebss:__unlock</name>
         <uninitialized>true</uninitialized>
         <run_address>0x290</run_address>
         <size>0x2</size>
         <input_file_ref idref="fl-a9"/>
      </object_component>
      <object_component id="oc-182">
         <name>.ebss:__lock</name>
         <uninitialized>true</uninitialized>
         <run_address>0x28e</run_address>
         <size>0x2</size>
         <input_file_ref idref="fl-a9"/>
      </object_component>
      <object_component id="oc-c6">
         <name>rom_accessed_data</name>
         <uninitialized>true</uninitialized>
         <run_address>0x4c0</run_address>
         <size>0xc4</size>
         <input_file_ref idref="fl-12"/>
      </object_component>
      <object_component id="oc-137">
         <name>.econst</name>
         <load_address>0x3f6000</load_address>
         <run_address>0x3f6000</run_address>
         <size>0x5c</size>
         <input_file_ref idref="fl-35"/>
      </object_component>
      <object_component id="oc-122">
         <name>.econst</name>
         <load_address>0x3f605c</load_address>
         <run_address>0x3f605c</run_address>
         <size>0x8</size>
         <input_file_ref idref="fl-23"/>
      </object_component>
      <object_component id="oc-17c">
         <name>.econst:_$P$T0$1</name>
         <load_address>0x3f6064</load_address>
         <run_address>0x3f6064</run_address>
         <size>0x4</size>
         <input_file_ref idref="fl-d"/>
      </object_component>
      <object_component id="oc-17d">
         <name>.econst:_$P$T1$2</name>
         <load_address>0x3f6068</load_address>
         <run_address>0x3f6068</run_address>
         <size>0x4</size>
         <input_file_ref idref="fl-d"/>
      </object_component>
      <object_component id="oc-17e">
         <name>.econst:_$P$T2$3</name>
         <load_address>0x3f606c</load_address>
         <run_address>0x3f606c</run_address>
         <size>0x4</size>
         <input_file_ref idref="fl-d"/>
      </object_component>
      <object_component id="oc-17f">
         <name>.econst:_$P$T3$4</name>
         <load_address>0x3f6070</load_address>
         <run_address>0x3f6070</run_address>
         <size>0x4</size>
         <input_file_ref idref="fl-d"/>
      </object_component>
      <object_component id="oc-180">
         <name>.econst:_$P$T4$5</name>
         <load_address>0x3f6074</load_address>
         <run_address>0x3f6074</run_address>
         <size>0x4</size>
         <input_file_ref idref="fl-d"/>
      </object_component>
      <object_component id="oc-181">
         <name>.econst:_$P$T5$6</name>
         <load_address>0x3f6078</load_address>
         <run_address>0x3f6078</run_address>
         <size>0x4</size>
         <input_file_ref idref="fl-d"/>
      </object_component>
      <object_component id="oc-aa">
         <name>.econst</name>
         <load_address>0x3f607c</load_address>
         <run_address>0x3f607c</run_address>
         <size>0x4</size>
         <input_file_ref idref="fl-d"/>
      </object_component>
      <object_component id="oc-c7">
         <name>.econst</name>
         <load_address>0x3f6080</load_address>
         <run_address>0x3f6080</run_address>
         <size>0x4</size>
         <input_file_ref idref="fl-12"/>
      </object_component>
      <object_component id="oc-f9">
         <name>.econst</name>
         <load_address>0x3f6084</load_address>
         <run_address>0x3f6084</run_address>
         <size>0x4</size>
         <input_file_ref idref="fl-1b"/>
      </object_component>
      <object_component id="oc-154">
         <name>.econst</name>
         <load_address>0x3f6088</load_address>
         <run_address>0x3f6088</run_address>
         <size>0x2</size>
         <input_file_ref idref="fl-a5"/>
      </object_component>
      <object_component id="oc-13f">
         <name>.reset</name>
         <load_address>0x3fffc0</load_address>
         <run_address>0x3fffc0</run_address>
         <size>0x2</size>
         <input_file_ref idref="fl-a1"/>
      </object_component>
      <object_component id="oc-90">
         <name>.debug_info</name>
         <load_address>0x0</load_address>
         <run_address>0x0</run_address>
         <size>0x22f</size>
         <input_file_ref idref="fl-8"/>
      </object_component>
      <object_component id="oc-94">
         <name>.debug_info</name>
         <load_address>0x22f</load_address>
         <run_address>0x22f</run_address>
         <size>0x42a7</size>
         <input_file_ref idref="fl-9"/>
      </object_component>
      <object_component id="oc-99">
         <name>.debug_info</name>
         <load_address>0x44d6</load_address>
         <run_address>0x44d6</run_address>
         <size>0x402</size>
         <input_file_ref idref="fl-a"/>
      </object_component>
      <object_component id="oc-9e">
         <name>.debug_info</name>
         <load_address>0x48d8</load_address>
         <run_address>0x48d8</run_address>
         <size>0x3c19</size>
         <input_file_ref idref="fl-b"/>
      </object_component>
      <object_component id="oc-a3">
         <name>.debug_info</name>
         <load_address>0x84f1</load_address>
         <run_address>0x84f1</run_address>
         <size>0x1058</size>
         <input_file_ref idref="fl-c"/>
      </object_component>
      <object_component id="oc-a9">
         <name>.debug_info</name>
         <load_address>0x9549</load_address>
         <run_address>0x9549</run_address>
         <size>0x9b0a</size>
         <input_file_ref idref="fl-d"/>
      </object_component>
      <object_component id="oc-af">
         <name>.debug_info</name>
         <load_address>0x13053</load_address>
         <run_address>0x13053</run_address>
         <size>0x4bb2</size>
         <input_file_ref idref="fl-e"/>
      </object_component>
      <object_component id="oc-b6">
         <name>.debug_info</name>
         <load_address>0x17c05</load_address>
         <run_address>0x17c05</run_address>
         <size>0xcd9</size>
         <input_file_ref idref="fl-f"/>
      </object_component>
      <object_component id="oc-bb">
         <name>.debug_info</name>
         <load_address>0x188de</load_address>
         <run_address>0x188de</run_address>
         <size>0x2047</size>
         <input_file_ref idref="fl-10"/>
      </object_component>
      <object_component id="oc-c0">
         <name>.debug_info</name>
         <load_address>0x1a925</load_address>
         <run_address>0x1a925</run_address>
         <size>0x29c1</size>
         <input_file_ref idref="fl-11"/>
      </object_component>
      <object_component id="oc-c5">
         <name>.debug_info</name>
         <load_address>0x1d2e6</load_address>
         <run_address>0x1d2e6</run_address>
         <size>0x1026c</size>
         <input_file_ref idref="fl-12"/>
      </object_component>
      <object_component id="oc-cc">
         <name>.debug_info</name>
         <load_address>0x2d552</load_address>
         <run_address>0x2d552</run_address>
         <size>0x3b1</size>
         <input_file_ref idref="fl-13"/>
      </object_component>
      <object_component id="oc-d1">
         <name>.debug_info</name>
         <load_address>0x2d903</load_address>
         <run_address>0x2d903</run_address>
         <size>0x4b9</size>
         <input_file_ref idref="fl-14"/>
      </object_component>
      <object_component id="oc-d6">
         <name>.debug_info</name>
         <load_address>0x2ddbc</load_address>
         <run_address>0x2ddbc</run_address>
         <size>0xc88</size>
         <input_file_ref idref="fl-15"/>
      </object_component>
      <object_component id="oc-db">
         <name>.debug_info</name>
         <load_address>0x2ea44</load_address>
         <run_address>0x2ea44</run_address>
         <size>0xa08</size>
         <input_file_ref idref="fl-16"/>
      </object_component>
      <object_component id="oc-e0">
         <name>.debug_info</name>
         <load_address>0x2f44c</load_address>
         <run_address>0x2f44c</run_address>
         <size>0x3ad</size>
         <input_file_ref idref="fl-17"/>
      </object_component>
      <object_component id="oc-e5">
         <name>.debug_info</name>
         <load_address>0x2f7f9</load_address>
         <run_address>0x2f7f9</run_address>
         <size>0x441</size>
         <input_file_ref idref="fl-18"/>
      </object_component>
      <object_component id="oc-ea">
         <name>.debug_info</name>
         <load_address>0x2fc3a</load_address>
         <run_address>0x2fc3a</run_address>
         <size>0x401e</size>
         <input_file_ref idref="fl-19"/>
      </object_component>
      <object_component id="oc-f0">
         <name>.debug_info</name>
         <load_address>0x33c58</load_address>
         <run_address>0x33c58</run_address>
         <size>0x19c9</size>
         <input_file_ref idref="fl-1a"/>
      </object_component>
      <object_component id="oc-f5">
         <name>.debug_info</name>
         <load_address>0x35621</load_address>
         <run_address>0x35621</run_address>
         <size>0x9aca</size>
         <input_file_ref idref="fl-1b"/>
      </object_component>
      <object_component id="oc-fe">
         <name>.debug_info</name>
         <load_address>0x3f0eb</load_address>
         <run_address>0x3f0eb</run_address>
         <size>0xae92</size>
         <input_file_ref idref="fl-1c"/>
      </object_component>
      <object_component id="oc-103">
         <name>.debug_info</name>
         <load_address>0x49f7d</load_address>
         <run_address>0x49f7d</run_address>
         <size>0x1375</size>
         <input_file_ref idref="fl-1d"/>
      </object_component>
      <object_component id="oc-108">
         <name>.debug_info</name>
         <load_address>0x4b2f2</load_address>
         <run_address>0x4b2f2</run_address>
         <size>0x3a4a</size>
         <input_file_ref idref="fl-1e"/>
      </object_component>
      <object_component id="oc-10d">
         <name>.debug_info</name>
         <load_address>0x4ed3c</load_address>
         <run_address>0x4ed3c</run_address>
         <size>0x3ab</size>
         <input_file_ref idref="fl-1f"/>
      </object_component>
      <object_component id="oc-112">
         <name>.debug_info</name>
         <load_address>0x4f0e7</load_address>
         <run_address>0x4f0e7</run_address>
         <size>0xf03</size>
         <input_file_ref idref="fl-20"/>
      </object_component>
      <object_component id="oc-117">
         <name>.debug_info</name>
         <load_address>0x4ffea</load_address>
         <run_address>0x4ffea</run_address>
         <size>0x413</size>
         <input_file_ref idref="fl-21"/>
      </object_component>
      <object_component id="oc-11d">
         <name>.debug_info</name>
         <load_address>0x503fd</load_address>
         <run_address>0x503fd</run_address>
         <size>0x1b5</size>
         <input_file_ref idref="fl-22"/>
      </object_component>
      <object_component id="oc-121">
         <name>.debug_info</name>
         <load_address>0x505b2</load_address>
         <run_address>0x505b2</run_address>
         <size>0x495e</size>
         <input_file_ref idref="fl-23"/>
      </object_component>
      <object_component id="oc-127">
         <name>.debug_info</name>
         <load_address>0x54f10</load_address>
         <run_address>0x54f10</run_address>
         <size>0x12b5</size>
         <input_file_ref idref="fl-24"/>
      </object_component>
      <object_component id="oc-12d">
         <name>.debug_info</name>
         <load_address>0x561c5</load_address>
         <run_address>0x561c5</run_address>
         <size>0x119</size>
         <input_file_ref idref="fl-30"/>
      </object_component>
      <object_component id="oc-132">
         <name>.debug_info</name>
         <load_address>0x562de</load_address>
         <run_address>0x562de</run_address>
         <size>0x11c</size>
         <input_file_ref idref="fl-31"/>
      </object_component>
      <object_component id="oc-139">
         <name>.debug_info</name>
         <load_address>0x563fa</load_address>
         <run_address>0x563fa</run_address>
         <size>0x19e</size>
         <input_file_ref idref="fl-37"/>
      </object_component>
      <object_component id="oc-140">
         <name>.debug_info</name>
         <load_address>0x56598</load_address>
         <run_address>0x56598</run_address>
         <size>0x16c</size>
         <input_file_ref idref="fl-a1"/>
      </object_component>
      <object_component id="oc-144">
         <name>.debug_info</name>
         <load_address>0x56704</load_address>
         <run_address>0x56704</run_address>
         <size>0x41d</size>
         <input_file_ref idref="fl-a2"/>
      </object_component>
      <object_component id="oc-149">
         <name>.debug_info</name>
         <load_address>0x56b21</load_address>
         <run_address>0x56b21</run_address>
         <size>0x32e</size>
         <input_file_ref idref="fl-a3"/>
      </object_component>
      <object_component id="oc-14e">
         <name>.debug_info</name>
         <load_address>0x56e4f</load_address>
         <run_address>0x56e4f</run_address>
         <size>0x331</size>
         <input_file_ref idref="fl-a4"/>
      </object_component>
      <object_component id="oc-153">
         <name>.debug_info</name>
         <load_address>0x57180</load_address>
         <run_address>0x57180</run_address>
         <size>0x448</size>
         <input_file_ref idref="fl-a5"/>
      </object_component>
      <object_component id="oc-159">
         <name>.debug_info</name>
         <load_address>0x575c8</load_address>
         <run_address>0x575c8</run_address>
         <size>0x576</size>
         <input_file_ref idref="fl-a6"/>
      </object_component>
      <object_component id="oc-15f">
         <name>.debug_info</name>
         <load_address>0x57b3e</load_address>
         <run_address>0x57b3e</run_address>
         <size>0x113</size>
         <input_file_ref idref="fl-a7"/>
      </object_component>
      <object_component id="oc-163">
         <name>.debug_info</name>
         <load_address>0x57c51</load_address>
         <run_address>0x57c51</run_address>
         <size>0x4fa</size>
         <input_file_ref idref="fl-a8"/>
      </object_component>
      <object_component id="oc-16a">
         <name>.debug_info</name>
         <load_address>0x5814b</load_address>
         <run_address>0x5814b</run_address>
         <size>0x450</size>
         <input_file_ref idref="fl-a9"/>
      </object_component>
      <object_component id="oc-1ba">
         <name>.debug_info</name>
         <load_address>0x5859b</load_address>
         <run_address>0x5859b</run_address>
         <size>0xfc</size>
      </object_component>
      <object_component id="oc-91">
         <name>.debug_line</name>
         <load_address>0x0</load_address>
         <run_address>0x0</run_address>
         <size>0xa0</size>
         <input_file_ref idref="fl-8"/>
      </object_component>
      <object_component id="oc-96">
         <name>.debug_line</name>
         <load_address>0xa0</load_address>
         <run_address>0xa0</run_address>
         <size>0x36d</size>
         <input_file_ref idref="fl-9"/>
      </object_component>
      <object_component id="oc-9b">
         <name>.debug_line</name>
         <load_address>0x40d</load_address>
         <run_address>0x40d</run_address>
         <size>0x68</size>
         <input_file_ref idref="fl-a"/>
      </object_component>
      <object_component id="oc-a0">
         <name>.debug_line</name>
         <load_address>0x475</load_address>
         <run_address>0x475</run_address>
         <size>0x452</size>
         <input_file_ref idref="fl-b"/>
      </object_component>
      <object_component id="oc-a6">
         <name>.debug_line</name>
         <load_address>0x8c7</load_address>
         <run_address>0x8c7</run_address>
         <size>0x14d</size>
         <input_file_ref idref="fl-c"/>
      </object_component>
      <object_component id="oc-ac">
         <name>.debug_line</name>
         <load_address>0xa14</load_address>
         <run_address>0xa14</run_address>
         <size>0x13dd</size>
         <input_file_ref idref="fl-d"/>
      </object_component>
      <object_component id="oc-b3">
         <name>.debug_line</name>
         <load_address>0x1df1</load_address>
         <run_address>0x1df1</run_address>
         <size>0x58e</size>
         <input_file_ref idref="fl-e"/>
      </object_component>
      <object_component id="oc-b8">
         <name>.debug_line</name>
         <load_address>0x237f</load_address>
         <run_address>0x237f</run_address>
         <size>0x10b</size>
         <input_file_ref idref="fl-f"/>
      </object_component>
      <object_component id="oc-bd">
         <name>.debug_line</name>
         <load_address>0x248a</load_address>
         <run_address>0x248a</run_address>
         <size>0x1d5</size>
         <input_file_ref idref="fl-10"/>
      </object_component>
      <object_component id="oc-c2">
         <name>.debug_line</name>
         <load_address>0x265f</load_address>
         <run_address>0x265f</run_address>
         <size>0x271</size>
         <input_file_ref idref="fl-11"/>
      </object_component>
      <object_component id="oc-c9">
         <name>.debug_line</name>
         <load_address>0x28d0</load_address>
         <run_address>0x28d0</run_address>
         <size>0xc37</size>
         <input_file_ref idref="fl-12"/>
      </object_component>
      <object_component id="oc-ce">
         <name>.debug_line</name>
         <load_address>0x3507</load_address>
         <run_address>0x3507</run_address>
         <size>0x66</size>
         <input_file_ref idref="fl-13"/>
      </object_component>
      <object_component id="oc-d3">
         <name>.debug_line</name>
         <load_address>0x356d</load_address>
         <run_address>0x356d</run_address>
         <size>0x87</size>
         <input_file_ref idref="fl-14"/>
      </object_component>
      <object_component id="oc-d8">
         <name>.debug_line</name>
         <load_address>0x35f4</load_address>
         <run_address>0x35f4</run_address>
         <size>0xf1</size>
         <input_file_ref idref="fl-15"/>
      </object_component>
      <object_component id="oc-dd">
         <name>.debug_line</name>
         <load_address>0x36e5</load_address>
         <run_address>0x36e5</run_address>
         <size>0xd5</size>
         <input_file_ref idref="fl-16"/>
      </object_component>
      <object_component id="oc-e2">
         <name>.debug_line</name>
         <load_address>0x37ba</load_address>
         <run_address>0x37ba</run_address>
         <size>0x64</size>
         <input_file_ref idref="fl-17"/>
      </object_component>
      <object_component id="oc-e7">
         <name>.debug_line</name>
         <load_address>0x381e</load_address>
         <run_address>0x381e</run_address>
         <size>0xa7</size>
         <input_file_ref idref="fl-18"/>
      </object_component>
      <object_component id="oc-ed">
         <name>.debug_line</name>
         <load_address>0x38c5</load_address>
         <run_address>0x38c5</run_address>
         <size>0x30f</size>
         <input_file_ref idref="fl-19"/>
      </object_component>
      <object_component id="oc-f2">
         <name>.debug_line</name>
         <load_address>0x3bd4</load_address>
         <run_address>0x3bd4</run_address>
         <size>0x1e4</size>
         <input_file_ref idref="fl-1a"/>
      </object_component>
      <object_component id="oc-fb">
         <name>.debug_line</name>
         <load_address>0x3db8</load_address>
         <run_address>0x3db8</run_address>
         <size>0x9d4</size>
         <input_file_ref idref="fl-1b"/>
      </object_component>
      <object_component id="oc-100">
         <name>.debug_line</name>
         <load_address>0x478c</load_address>
         <run_address>0x478c</run_address>
         <size>0xa34</size>
         <input_file_ref idref="fl-1c"/>
      </object_component>
      <object_component id="oc-105">
         <name>.debug_line</name>
         <load_address>0x51c0</load_address>
         <run_address>0x51c0</run_address>
         <size>0x10d</size>
         <input_file_ref idref="fl-1d"/>
      </object_component>
      <object_component id="oc-10a">
         <name>.debug_line</name>
         <load_address>0x52cd</load_address>
         <run_address>0x52cd</run_address>
         <size>0x411</size>
         <input_file_ref idref="fl-1e"/>
      </object_component>
      <object_component id="oc-10f">
         <name>.debug_line</name>
         <load_address>0x56de</load_address>
         <run_address>0x56de</run_address>
         <size>0x66</size>
         <input_file_ref idref="fl-1f"/>
      </object_component>
      <object_component id="oc-114">
         <name>.debug_line</name>
         <load_address>0x5744</load_address>
         <run_address>0x5744</run_address>
         <size>0x122</size>
         <input_file_ref idref="fl-20"/>
      </object_component>
      <object_component id="oc-119">
         <name>.debug_line</name>
         <load_address>0x5866</load_address>
         <run_address>0x5866</run_address>
         <size>0x64</size>
         <input_file_ref idref="fl-21"/>
      </object_component>
      <object_component id="oc-11e">
         <name>.debug_line</name>
         <load_address>0x58ca</load_address>
         <run_address>0x58ca</run_address>
         <size>0x81</size>
         <input_file_ref idref="fl-22"/>
      </object_component>
      <object_component id="oc-124">
         <name>.debug_line</name>
         <load_address>0x594b</load_address>
         <run_address>0x594b</run_address>
         <size>0x43a</size>
         <input_file_ref idref="fl-23"/>
      </object_component>
      <object_component id="oc-129">
         <name>.debug_line</name>
         <load_address>0x5d85</load_address>
         <run_address>0x5d85</run_address>
         <size>0x16c</size>
         <input_file_ref idref="fl-24"/>
      </object_component>
      <object_component id="oc-12e">
         <name>.debug_line</name>
         <load_address>0x5ef1</load_address>
         <run_address>0x5ef1</run_address>
[...]
         <value>0x3f3854</value>
         <object_component_ref idref="oc-190"/>
      </symbol>
      <symbol id="sm-4b9">
         <name>_WDOG_clearCounter</name>
         <value>0x3f3868</value>
         <object_component_ref idref="oc-190"/>
      </symbol>
      <symbol id="sm-4bd">
         <name>FD$$MPY</name>
         <value>0x3fdc5e</value>
      </symbol>
      <symbol id="sm-4bf">
         <name>FD$$TOL</name>
         <value>0x3fdf7b</value>
      </symbol>
      <symbol id="sm-4c1">
         <name>FS$$ADD</name>
         <value>0x3fdeb8</value>
      </symbol>
      <symbol id="sm-4c3">
         <name>FS$$DIV</name>
         <value>0x3fdce1</value>
      </symbol>
      <symbol id="sm-4c5">
         <name>FS$$MPY</name>
         <value>0x3fdde7</value>
      </symbol>
      <symbol id="sm-4c7">
         <name>FS$$NEG</name>
         <value>0x3fff4d</value>
      </symbol>
      <symbol id="sm-4c9">
         <name>FS$$TOFD</name>
         <value>0x3fdfb7</value>
      </symbol>
      <symbol id="sm-4cb">
         <name>FS$$TOI</name>
         <value>0x3fff0e</value>
      </symbol>
      <symbol id="sm-4dc">
         <name>FS$$TOU</name>
         <value>0x3f39ed</value>
         <object_component_ref idref="oc-12c"/>
      </symbol>
      <symbol id="sm-4ed">
         <name>FS$$TOUL</name>
         <value>0x3f39ac</value>
         <object_component_ref idref="oc-131"/>
      </symbol>
      <symbol id="sm-4ef">
         <name>I$$TOFS</name>
         <value>0x3fff33</value>
      </symbol>
      <symbol id="sm-4f1">
         <name>U$$TOFS</name>
         <value>0x3ff8bd</value>
      </symbol>
      <symbol id="sm-4f3">
         <name>UL$$TOFS</name>
         <value>0x3ff8aa</value>
      </symbol>
      <symbol id="sm-4f9">
         <name>_CTRL_setEstParams</name>
         <value>0x3f0c88</value>
         <object_component_ref idref="oc-136"/>
      </symbol>
      <symbol id="sm-4fa">
         <name>_CTRL_getVersion</name>
         <value>0x3f14ba</value>
         <object_component_ref idref="oc-136"/>
      </symbol>
      <symbol id="sm-4fb">
         <name>_CTRL_setUserMotorParams</name>
         <value>0x3f0b55</value>
         <object_component_ref idref="oc-136"/>
      </symbol>
      <symbol id="sm-4fc">
         <name>_CTRL_runTraj</name>
         <value>0x3f13ee</value>
         <object_component_ref idref="oc-136"/>
      </symbol>
      <symbol id="sm-4fd">
         <name>_CTRL_setupEstIdleState</name>
         <value>0x3f07cf</value>
         <object_component_ref idref="oc-136"/>
      </symbol>
      <symbol id="sm-4fe">
         <name>_CTRL_setupTraj</name>
         <value>0x3f0630</value>
         <object_component_ref idref="oc-136"/>
      </symbol>
      <symbol id="sm-4ff">
         <name>_CTRL_setupCtrl</name>
         <value>0x3f096d</value>
         <object_component_ref idref="oc-136"/>
      </symbol>
      <symbol id="sm-500">
         <name>_CTRL_setupEstOnLineState</name>
         <value>0x3f0794</value>
         <object_component_ref idref="oc-136"/>
      </symbol>
      <symbol id="sm-502">
         <name>FS$$CMP</name>
         <value>0x3fdf2b</value>
      </symbol>
      <symbol id="sm-50e">
         <name>UL$$MOD</name>
         <value>0x3f3937</value>
         <object_component_ref idref="oc-138"/>
      </symbol>
      <symbol id="sm-50f">
         <name>L$$MOD</name>
         <value>0x3f3922</value>
         <object_component_ref idref="oc-138"/>
      </symbol>
      <symbol id="sm-510">
         <name>L$$DIV</name>
         <value>0x3f3913</value>
         <object_component_ref idref="oc-138"/>
      </symbol>
      <symbol id="sm-511">
         <name>UL$$DIV</name>
         <value>0x3f3930</value>
         <object_component_ref idref="oc-138"/>
      </symbol>
      <symbol id="sm-513">
         <name>_CTRL_initCtrl</name>
         <value>0x3fd88b</value>
      </symbol>
      <symbol id="sm-515">
         <name>_EST_Angle_setParams</name>
         <value>0x3fd9e5</value>
      </symbol>
      <symbol id="sm-517">
         <name>_EST_Dir_setParams</name>
         <value>0x3fd922</value>
      </symbol>
      <symbol id="sm-519">
         <name>_EST_EPL_setParams</name>
         <value>0x3fd1e8</value>
      </symbol>
      <symbol id="sm-51b">
         <name>_EST_Flux_ab_setParams</name>
         <value>0x3fd9b0</value>
      </symbol>
      <symbol id="sm-51d">
         <name>_EST_Flux_computeOneOverFlux_qFmt</name>
         <value>0x3fd514</value>
      </symbol>
      <symbol id="sm-51f">
         <name>_EST_Flux_dq_setParams</name>
         <value>0x3fda3b</value>
      </symbol>
      <symbol id="sm-521">
         <name>_EST_Flux_getRatedFlux_pu</name>
         <value>0x3fd49c</value>
      </symbol>
      <symbol id="sm-523">
         <name>_EST_Flux_setParams</name>
         <value>0x3fd42e</value>
      </symbol>
      <symbol id="sm-525">
         <name>_EST_Flux_setWaitTimes</name>
         <value>0x3fd41e</value>
      </symbol>
      <symbol id="sm-527">
         <name>_EST_Freq_setParams</name>
         <value>0x3fd95c</value>
      </symbol>
      <symbol id="sm-529">
         <name>_EST_I_setParams</name>
         <value>0x3fd1be</value>
      </symbol>
      <symbol id="sm-52b">
         <name>_EST_Iab_setParams</name>
         <value>0x3fd9cc</value>
      </symbol>
      <symbol id="sm-52d">
         <name>_EST_Idq_setParams</name>
         <value>0x3fda1e</value>
      </symbol>
      <symbol id="sm-52f">
         <name>_EST_Ls_getLs_d</name>
         <value>0x3fd3a8</value>
      </symbol>
      <symbol id="sm-531">
         <name>_EST_Ls_setLs_d</name>
         <value>0x3fd2b6</value>
      </symbol>
      <symbol id="sm-533">
         <name>_EST_Ls_setLs_q</name>
         <value>0x3fd284</value>
      </symbol>
      <symbol id="sm-535">
         <name>_EST_Ls_setParams</name>
         <value>0x3fd247</value>
      </symbol>
      <symbol id="sm-537">
         <name>_EST_Ls_setWaitTimes</name>
         <value>0x3fd237</value>
      </symbol>
      <symbol id="sm-539">
         <name>_EST_OneOverDcBus_setParams</name>
         <value>0x3fda0d</value>
      </symbol>
      <symbol id="sm-53b">
         <name>_EST_Rr_setParams</name>
         <value>0x3fd7e9</value>
      </symbol>
      <symbol id="sm-53d">
         <name>_EST_Rr_setRr</name>
         <value>0x3fd788</value>
      </symbol>
      <symbol id="sm-53f">
         <name>_EST_RsOnLine_setFilterParams</name>
         <value>0x3fd57d</value>
      </symbol>
      <symbol id="sm-541">
         <name>_EST_RsOnLine_setParams</name>
         <value>0x3fd54d</value>
      </symbol>
      <symbol id="sm-543">
         <name>_EST_Rs_getRs</name>
         <value>0x3fd767</value>
      </symbol>
      <symbol id="sm-545">
         <name>_EST_Rs_setParams</name>
         <value>0x3fd725</value>
      </symbol>
      <symbol id="sm-547">
         <name>_EST_Rs_setRs</name>
         <value>0x3fd6c3</value>
      </symbol>
      <symbol id="sm-549">
         <name>_EST_Rs_setWaitTimes</name>
         <value>0x3fd6b3</value>
      </symbol>
      <symbol id="sm-54b">
         <name>_EST_TRAJ_setParams</name>
         <value>0x3fd1af</value>
      </symbol>
      <symbol id="sm-54d">
         <name>_EST_Vab_setParams</name>
         <value>0x3fda53</value>
      </symbol>
      <symbol id="sm-54f">
         <name>_EST_Vback_ab_setParams</name>
         <value>0x3fda47</value>
      </symbol>
      <symbol id="sm-551">
         <name>_EST_Vback_dq_setParams</name>
         <value>0x3fda5e</value>
      </symbol>
      <symbol id="sm-553">
         <name>_EST_Vdq_setParams</name>
         <value>0x3fd9fb</value>
      </symbol>
      <symbol id="sm-555">
         <name>_EST_computeDirection_qFmt</name>
         <value>0x3fc092</value>
      </symbol>
      <symbol id="sm-557">
         <name>_EST_computeL</name>
         <value>0x3fd16d</value>
      </symbol>
      <symbol id="sm-559">
         <name>_EST_computeR</name>
         <value>0x3fd14d</value>
      </symbol>
      <symbol id="sm-55b">
         <name>_EST_doCurrentCtrl</name>
         <value>0x3fd145</value>
      </symbol>
      <symbol id="sm-55d">
         <name>_EST_doSpeedCtrl</name>
         <value>0x3fd13d</value>
      </symbol>
      <symbol id="sm-55f">
         <name>_EST_getAngle_pu</name>
         <value>0x3fc5f2</value>
      </symbol>
      <symbol id="sm-561">
         <name>_EST_getFlux_VpHz</name>
         <value>0x3fd0a3</value>
      </symbol>
      <symbol id="sm-563">
         <name>_EST_getFlux_pu</name>
         <value>0x3fd090</value>
      </symbol>
      <symbol id="sm-565">
         <name>_EST_getFm_pu</name>
         <value>0x3fd073</value>
      </symbol>
      <symbol id="sm-567">
         <name>_EST_getFullScaleCurrent</name>
         <value>0x3fc062</value>
      </symbol>
      <symbol id="sm-569">
         <name>_EST_getFullScaleFlux</name>
         <value>0x3fd043</value>
      </symbol>
      <symbol id="sm-56b">
         <name>_EST_getFullScaleFreq</name>
         <value>0x3fcc5c</value>
      </symbol>
      <symbol id="sm-56d">
         <name>_EST_getFullScaleInductance</name>
         <value>0x3fc4d1</value>
      </symbol>
      <symbol id="sm-56f">
         <name>_EST_getFullScaleVoltage</name>
         <value>0x3fc08e</value>
      </symbol>
      <symbol id="sm-571">
         <name>_EST_getIdRated</name>
         <value>0x3fd017</value>
      </symbol>
      <symbol id="sm-573">
         <name>_EST_getLs_coarse_max_pu</name>
         <value>0x3fcfe4</value>
      </symbol>
      <symbol id="sm-575">
         <name>_EST_getLs_d_H</name>
         <value>0x3fcfda</value>
      </symbol>
      <symbol id="sm-577">
         <name>_EST_getLs_d_pu</name>
         <value>0x3fcfd5</value>
      </symbol>
      <symbol id="sm-579">
         <name>_EST_getLs_qFmt</name>
         <value>0x3fcfb8</value>
      </symbol>
      <symbol id="sm-57b">
         <name>_EST_getLs_q_H</name>
         <value>0x3fcfb3</value>
      </symbol>
      <symbol id="sm-57d">
         <name>_EST_getLs_q_pu</name>
         <value>0x3fcfae</value>
      </symbol>
      <symbol id="sm-57f">
         <name>_EST_getMaxCurrentSlope_pu</name>
         <value>0x3fcfa2</value>
      </symbol>
      <symbol id="sm-581">
         <name>_EST_getOneOverDcBus_pu</name>
         <value>0x3fcf98</value>
      </symbol>
      <symbol id="sm-583">
         <name>_EST_getRr_Ohm</name>
         <value>0x3fcf92</value>
      </symbol>
      <symbol id="sm-585">
         <name>_EST_getRs_Ohm</name>
         <value>0x3fcef8</value>
      </symbol>
      <symbol id="sm-587">
         <name>_EST_getSpeed_krpm</name>
         <value>0x3fceab</value>
      </symbol>
      <symbol id="sm-589">
         <name>_EST_getState</name>
         <value>0x3fc000</value>
      </symbol>
      <symbol id="sm-58b">
         <name>_EST_get_krpm_to_pu_sf</name>
         <value>0x3fce3d</value>
      </symbol>
      <symbol id="sm-58d">
         <name>_EST_get_pu_to_krpm_sf</name>
         <value>0x3fce38</value>
      </symbol>
      <symbol id="sm-58f">
         <name>_EST_isError</name>
         <value>0x3fcd72</value>
      </symbol>
      <symbol id="sm-591">
         <name>_EST_isIdle</name>
         <value>0x3fcd6b</value>
      </symbol>
      <symbol id="sm-593">
         <name>_EST_isLockRotor</name>
         <value>0x3fcd64</value>
      </symbol>
      <symbol id="sm-595">
         <name>_EST_isMotorIdentified</name>
         <value>0x3fc05e</value>
      </symbol>
      <symbol id="sm-597">
         <name>_EST_isOnLine</name>
         <value>0x3fcd5d</value>
      </symbol>
      <symbol id="sm-599">
         <name>_EST_resetCounter_ctrl</name>
         <value>0x3fc5ed</value>
      </symbol>
      <symbol id="sm-59b">
         <name>_EST_resetCounter_state</name>
         <value>0x3fc05a</value>
      </symbol>
      <symbol id="sm-59d">
         <name>_EST_run</name>
         <value>0x3fcc60</value>
      </symbol>
      <symbol id="sm-59f">
         <name>_EST_setDir_qFmt</name>
         <value>0x3fc5da</value>
      </symbol>
      <symbol id="sm-5a1">
         <name>_EST_setFe_neg_max_pu</name>
         <value>0x3fc5cd</value>
      </symbol>
      <symbol id="sm-5a3">
         <name>_EST_setFe_pos_min_pu</name>
         <value>0x3fc5c9</value>
      </symbol>
      <symbol id="sm-5a5">
         <name>_EST_setFlag_enableFluxControl</name>
         <value>0x3fc5c5</value>
      </symbol>
      <symbol id="sm-5a7">
         <name>_EST_setFlag_enableForceAngle</name>
         <value>0x3fc5c0</value>
      </symbol>
      <symbol id="sm-5a9">
         <name>_EST_setFlag_enableRsOnLine</name>
         <value>0x3fc5bc</value>
      </symbol>
      <symbol id="sm-5ab">
         <name>_EST_setFlag_enableRsRecalc</name>
         <value>0x3fc5b8</value>
      </symbol>
      <symbol id="sm-5ad">
         <name>_EST_setFlag_estComplete</name>
         <value>0x3fc5b4</value>
      </symbol>
      <symbol id="sm-5af">
         <name>_EST_setFlag_updateRs</name>
         <value>0x3fc5b0</value>
      </symbol>
      <symbol id="sm-5b1">
         <name>_EST_setFullScaleCurrent</name>
         <value>0x3fc594</value>
      </symbol>
      <symbol id="sm-5b3">
         <name>_EST_setFullScaleFreq</name>
         <value>0x3fc58b</value>
      </symbol>
      <symbol id="sm-5b5">
         <name>_EST_setFullScaleResistance</name>
         <value>0x3fc573</value>
      </symbol>
      <symbol id="sm-5b7">
         <name>_EST_setFullScaleVoltage</name>
         <value>0x3fc56f</value>
      </symbol>
      <symbol id="sm-5b9">
         <name>_EST_setIdRated_pu</name>
         <value>0x3fc569</value>
      </symbol>
      <symbol id="sm-5bb">
         <name>_EST_setId_ref_pu</name>
         <value>0x3fc565</value>
      </symbol>
      <symbol id="sm-5bd">
         <name>_EST_setIdle</name>
         <value>0x3fc55f</value>
      </symbol>
      <symbol id="sm-5bf">
         <name>_EST_setIdle_all</name>
         <value>0x3fc54c</value>
      </symbol>
      <symbol id="sm-5c1">
         <name>_EST_setIq_ref_pu</name>
         <value>0x3fc548</value>
      </symbol>
      <symbol id="sm-5c3">
         <name>_EST_setLs_d_pu</name>
         <value>0x3fc52a</value>
      </symbol>
      <symbol id="sm-5c5">
         <name>_EST_setLs_qFmt</name>
         <value>0x3fc4d6</value>
      </symbol>
      <symbol id="sm-5c7">
         <name>_EST_setLs_q_pu</name>
         <value>0x3fc4cc</value>
      </symbol>
      <symbol id="sm-5c9">
         <name>_EST_setMaxCurrentSlope_pu</name>
         <value>0x3fc4c0</value>
      </symbol>
      <symbol id="sm-5cb">
         <name>_EST_setMotorParams</name>
         <value>0x3fc4bb</value>
      </symbol>
      <symbol id="sm-5cd">
         <name>_EST_setRs_pu</name>
         <value>0x3fc3fd</value>
      </symbol>
      <symbol id="sm-5cf">
         <name>_EST_setWaitTimes</name>
         <value>0x3fc3e2</value>
      </symbol>
      <symbol id="sm-5d1">
         <name>_EST_updateId_ref_pu</name>
         <value>0x3fc3da</value>
      </symbol>
      <symbol id="sm-5d3">
         <name>_EST_updateState</name>
         <value>0x3fc0f8</value>
      </symbol>
      <symbol id="sm-5d5">
         <name>_EST_useZeroIq_ref</name>
         <value>0x3fc002</value>
      </symbol>
      <symbol id="sm-5d7">
         <name>__IQ24cosPU</name>
         <value>0x3ff854</value>
      </symbol>
      <symbol id="sm-5d9">
         <name>__IQ24rmpy</name>
         <value>0x3fff8f</value>
      </symbol>
      <symbol id="sm-5db">
         <name>__IQ24sinPU</name>
         <value>0x3ff82b</value>
      </symbol>
      <symbol id="sm-5dd">
         <name>__IQ24sqrt</name>
         <value>0x3ff2aa</value>
      </symbol>
      <symbol id="sm-5df">
         <name>__IQ29rsmpy</name>
         <value>0x3ff87b</value>
      </symbol>
      <symbol id="sm-5e1">
         <name>__IQ30rsmpy</name>
         <value>0x3fff52</value>
      </symbol>
      <symbol id="sm-5e3">
         <name>__IQ30toF</name>
         <value>0x3fff7b</value>
      </symbol>
      <symbol id="sm-5fe">
         <name>_c_int00</name>
         <value>0x3f3749</value>
         <object_component_ref idref="oc-13d"/>
      </symbol>
      <symbol id="sm-5ff">
         <name>__stack</name>
         <value>0x296</value>
         <object_component_ref idref="oc-13e"/>
      </symbol>
      <symbol id="sm-60f">
         <name>__args_main</name>
         <value>0x3f3a24</value>
         <object_component_ref idref="oc-176"/>
      </symbol>
      <symbol id="sm-61c">
         <name>__system_post_cinit</name>
         <value>0x3f3a65</value>
         <object_component_ref idref="oc-175"/>
      </symbol>
      <symbol id="sm-629">
         <name>__system_pre_init</name>
         <value>0x3f3a63</value>
         <object_component_ref idref="oc-173"/>
      </symbol>
      <symbol id="sm-642">
         <name>_ceilf</name>
         <value>0x3f3683</value>
         <object_component_ref idref="oc-178"/>
      </symbol>
      <symbol id="sm-643">
         <name>_ceil</name>
         <value>0x3f3683</value>
         <object_component_ref idref="oc-178"/>
      </symbol>
      <symbol id="sm-659">
         <name>_copy_in</name>
         <value>0x3f37e4</value>
         <object_component_ref idref="oc-174"/>
      </symbol>
      <symbol id="sm-668">
         <name>_ppcopy</name>
         <value>0x3f3a0a</value>
         <object_component_ref idref="oc-15e"/>
      </symbol>
      <symbol id="sm-669">
         <name>_dpcopy</name>
         <value>0x3f3a0a</value>
         <object_component_ref idref="oc-15e"/>
      </symbol>
      <symbol id="sm-66a">
         <name>_pdcopy</name>
         <value>0x3f3a0a</value>
         <object_component_ref idref="oc-15e"/>
      </symbol>
      <symbol id="sm-66b">
         <name>_ddcopy</name>
         <value>0x3f3a0a</value>
         <object_component_ref idref="oc-15e"/>
      </symbol>
      <symbol id="sm-680">
         <name>C$$EXIT</name>
         <value>0x3f393d</value>
         <object_component_ref idref="oc-177"/>
      </symbol>
      <symbol id="sm-681">
         <name>_exit</name>
         <value>0x3f393f</value>
         <object_component_ref idref="oc-177"/>
      </symbol>
      <symbol id="sm-682">
         <name>___TI_cleanup_ptr</name>
         <value>0x28a</value>
         <object_component_ref idref="oc-165"/>
      </symbol>
      <symbol id="sm-683">
         <name>___TI_enable_exit_profile_output</name>
         <value>0x288</value>
         <object_component_ref idref="oc-165"/>
      </symbol>
      <symbol id="sm-684">
         <name>_abort</name>
         <value>0x3f393d</value>
         <object_component_ref idref="oc-177"/>
      </symbol>
      <symbol id="sm-685">
         <name>___TI_dtors_ptr</name>
         <value>0x28c</value>
         <object_component_ref idref="oc-165"/>
      </symbol>
      <symbol id="sm-69a">
         <name>__unlock</name>
         <value>0x290</value>
         <object_component_ref idref="oc-197"/>
      </symbol>
      <symbol id="sm-69b">
         <name>__lock</name>
         <value>0x28e</value>
         <object_component_ref idref="oc-182"/>
      </symbol>
      <symbol id="sm-69c">
         <name>__register_lock</name>
         <value>0x3f3a51</value>
         <object_component_ref idref="oc-193"/>
      </symbol>
      <symbol id="sm-69d">
         <name>__nop</name>
         <value>0x3f3a55</value>
         <object_component_ref idref="oc-193"/>
      </symbol>
      <symbol id="sm-69e">
         <name>__register_unlock</name>
         <value>0x3f3a4d</value>
         <object_component_ref idref="oc-193"/>
      </symbol>
      <symbol id="sm-6a0">
         <name>_log</name>
         <value>0x3fda88</value>
      </symbol>
      <symbol id="sm-6a2">
         <name>_pow</name>
         <value>0x3fdd64</value>
      </symbol>
   </symbol_table>
   <title>Link successful</title>
</link_info>
